Component: ARM Compiler 5.06 update 7 (build 960) Tool: armlink [4d3601]

==============================================================================

Section Cross References

    startup_stm32f427xx.o(RESET) refers to startup_stm32f427xx.o(STACK) for __initial_sp
    startup_stm32f427xx.o(RESET) refers to startup_stm32f427xx.o(.text) for Reset_Handler
    startup_stm32f427xx.o(RESET) refers to stm32f4xx_it.o(i.NMI_Handler) for NMI_Handler
    startup_stm32f427xx.o(RESET) refers to stm32f4xx_it.o(i.HardFault_Handler) for HardFault_Handler
    startup_stm32f427xx.o(RESET) refers to stm32f4xx_it.o(i.MemManage_Handler) for MemManage_Handler
    startup_stm32f427xx.o(RESET) refers to stm32f4xx_it.o(i.BusFault_Handler) for BusFault_Handler
    startup_stm32f427xx.o(RESET) refers to stm32f4xx_it.o(i.UsageFault_Handler) for UsageFault_Handler
    startup_stm32f427xx.o(RESET) refers to port.o(.emb_text) for SVC_Handler
    startup_stm32f427xx.o(RESET) refers to stm32f4xx_it.o(i.DebugMon_Handler) for DebugMon_Handler
    startup_stm32f427xx.o(RESET) refers to stm32f4xx_it.o(i.SysTick_Handler) for SysTick_Handler
    startup_stm32f427xx.o(RESET) refers to stm32f4xx_it.o(i.CAN1_RX0_IRQHandler) for CAN1_RX0_IRQHandler
    startup_stm32f427xx.o(RESET) refers to stm32f4xx_it.o(i.DMA2_Stream2_IRQHandler) for DMA2_Stream2_IRQHandler
    startup_stm32f427xx.o(.text) refers to system_stm32f4xx.o(i.SystemInit) for SystemInit
    startup_stm32f427xx.o(.text) refers to entry.o(.ARM.Collect$$$$00000000) for __main
    main.o(i.SystemClock_Config) refers to memseta.o(.text) for __aeabi_memclr4
    main.o(i.SystemClock_Config) refers to stm32f4xx_hal_rcc.o(i.HAL_RCC_OscConfig) for HAL_RCC_OscConfig
    main.o(i.SystemClock_Config) refers to stm32f4xx_hal_pwr_ex.o(i.HAL_PWREx_EnableOverDrive) for HAL_PWREx_EnableOverDrive
    main.o(i.SystemClock_Config) refers to stm32f4xx_hal_rcc.o(i.HAL_RCC_ClockConfig) for HAL_RCC_ClockConfig
    main.o(i.main) refers to stm32f4xx_hal.o(i.HAL_Init) for HAL_Init
    main.o(i.main) refers to main.o(i.SystemClock_Config) for SystemClock_Config
    main.o(i.main) refers to gpio.o(i.MX_GPIO_Init) for MX_GPIO_Init
    main.o(i.main) refers to dma.o(i.MX_DMA_Init) for MX_DMA_Init
    main.o(i.main) refers to can.o(i.MX_CAN1_Init) for MX_CAN1_Init
    main.o(i.main) refers to usart.o(i.MX_USART1_UART_Init) for MX_USART1_UART_Init
    main.o(i.main) refers to wtr_can.o(i.CANFilterInit) for CANFilterInit
    main.o(i.main) refers to dji.o(i.DJI_Init) for DJI_Init
    main.o(i.main) refers to stm32f4xx_hal_uart.o(i.HAL_UART_Receive_DMA) for HAL_UART_Receive_DMA
    main.o(i.main) refers to freertos.o(i.MX_FREERTOS_Init) for MX_FREERTOS_Init
    main.o(i.main) refers to cmsis_os.o(i.osKernelStart) for osKernelStart
    main.o(i.main) refers to can.o(.bss) for hcan1
    main.o(i.main) refers to dji.o(.bss) for hDJI
    main.o(i.main) refers to wtr_uart.o(.bss) for JoyStickReceiveData
    main.o(i.main) refers to usart.o(.bss) for huart1
    gpio.o(i.MX_GPIO_Init) refers to memseta.o(.text) for __aeabi_memclr4
    gpio.o(i.MX_GPIO_Init) refers to stm32f4xx_hal_gpio.o(i.HAL_GPIO_WritePin) for HAL_GPIO_WritePin
    gpio.o(i.MX_GPIO_Init) refers to stm32f4xx_hal_gpio.o(i.HAL_GPIO_Init) for HAL_GPIO_Init
    freertos.o(i.AdjustTask02) refers to f2d.o(.text) for __aeabi_f2d
    freertos.o(i.AdjustTask02) refers to dadd.o(.text) for __aeabi_dadd
    freertos.o(i.AdjustTask02) refers to d2f.o(.text) for __aeabi_d2f
    freertos.o(i.AdjustTask02) refers to caculate.o(i.speedServo) for speedServo
    freertos.o(i.AdjustTask02) refers to caculate.o(i.positionServo) for positionServo
    freertos.o(i.AdjustTask02) refers to cmsis_os.o(i.osDelay) for osDelay
    freertos.o(i.AdjustTask02) refers to wtr_uart.o(.bss) for Raw_Data
    freertos.o(i.AdjustTask02) refers to dji.o(.bss) for hDJI
    freertos.o(i.FetchTask03) refers to stm32f4xx_hal_gpio.o(i.HAL_GPIO_WritePin) for HAL_GPIO_WritePin
    freertos.o(i.FetchTask03) refers to caculate.o(i.positionServo) for positionServo
    freertos.o(i.FetchTask03) refers to cmsis_os.o(i.osDelay) for osDelay
    freertos.o(i.FetchTask03) refers to wtr_uart.o(.bss) for Raw_Data
    freertos.o(i.FetchTask03) refers to dji.o(.bss) for hDJI
    freertos.o(i.MX_FREERTOS_Init) refers to memcpya.o(.text) for __aeabi_memcpy4
    freertos.o(i.MX_FREERTOS_Init) refers to cmsis_os.o(i.osThreadCreate) for osThreadCreate
    freertos.o(i.MX_FREERTOS_Init) refers to freertos.o(.constdata) for .constdata
    freertos.o(i.MX_FREERTOS_Init) refers to freertos.o(.data) for .data
    freertos.o(i.StartDefaultTask) refers to dji.o(i.CanTransmit_DJI_1234) for CanTransmit_DJI_1234
    freertos.o(i.StartDefaultTask) refers to dji.o(i.CanTransmit_DJI_5678) for CanTransmit_DJI_5678
    freertos.o(i.StartDefaultTask) refers to cmsis_os.o(i.osDelay) for osDelay
    freertos.o(i.StartDefaultTask) refers to dji.o(.bss) for hDJI
    freertos.o(i.StartDefaultTask) refers to can.o(.bss) for hcan1
[...]
    Removing cmsis_os.o(i.osThreadSetPriority), (22 bytes).
    Removing cmsis_os.o(i.osThreadSuspend), (10 bytes).
    Removing cmsis_os.o(i.osThreadSuspendAll), (10 bytes).
    Removing cmsis_os.o(i.osThreadTerminate), (10 bytes).
    Removing cmsis_os.o(i.osThreadYield), (24 bytes).
    Removing cmsis_os.o(i.osTimerCreate), (4 bytes).
    Removing cmsis_os.o(i.osTimerDelete), (4 bytes).
    Removing cmsis_os.o(i.osTimerStart), (4 bytes).
    Removing cmsis_os.o(i.osTimerStop), (4 bytes).
    Removing heap_4.o(i.vPortInitialiseBlocks), (2 bytes).
    Removing heap_4.o(i.xPortGetFreeHeapSize), (12 bytes).
    Removing heap_4.o(i.xPortGetMinimumEverFreeHeapSize), (12 bytes).
    Removing port.o(i.vPortEndScheduler), (32 bytes).
    Removing port.o(i.vPortValidateInterruptPriority), (84 bytes).
    Removing caculate.o(.rev16_text), (4 bytes).
    Removing caculate.o(.revsh_text), (4 bytes).
    Removing caculate.o(.rrx_text), (6 bytes).
    Removing caculate.o(i.P_Calc), (108 bytes).
    Removing dji.o(.rev16_text), (4 bytes).
    Removing dji.o(.revsh_text), (4 bytes).
    Removing dji.o(.rrx_text), (6 bytes).
    Removing wtr_can.o(.rev16_text), (4 bytes).
    Removing wtr_can.o(.revsh_text), (4 bytes).
    Removing wtr_can.o(.rrx_text), (6 bytes).
    Removing wtr_uart.o(.rev16_text), (4 bytes).
    Removing wtr_uart.o(.revsh_text), (4 bytes).
    Removing wtr_uart.o(.rrx_text), (6 bytes).

451 unused section(s) (total 26558 bytes) removed from the image.

==============================================================================

Image Symbol Table

    Local Symbols

    Symbol Name                              Value     Ov Type        Size  Object(Section)

    ../Core/Src/can.c                        0x00000000   Number         0  can.o ABSOLUTE
    ../Core/Src/dma.c                        0x00000000   Number         0  dma.o ABSOLUTE
    ../Core/Src/freertos.c                   0x00000000   Number         0  freertos.o ABSOLUTE
    ../Core/Src/gpio.c                       0x00000000   Number         0  gpio.o ABSOLUTE
    ../Core/Src/main.c                       0x00000000   Number         0  main.o ABSOLUTE
    ../Core/Src/stm32f4xx_hal_msp.c          0x00000000   Number         0  stm32f4xx_hal_msp.o ABSOLUTE
    ../Core/Src/stm32f4xx_it.c               0x00000000   Number         0  stm32f4xx_it.o ABSOLUTE
    ../Core/Src/system_stm32f4xx.c           0x00000000   Number         0  system_stm32f4xx.o ABSOLUTE
    ../Core/Src/usart.c                      0x00000000   Number         0  usart.o ABSOLUTE
    ../Drivers/STM32F4xx_HAL_Driver/Src/stm32f4xx_hal.c 0x00000000   Number         0  stm32f4xx_hal.o ABSOLUTE
    ../Drivers/STM32F4xx_HAL_Driver/Src/stm32f4xx_hal_can.c 0x00000000   Number         0  stm32f4xx_hal_can.o ABSOLUTE
    ../Drivers/STM32F4xx_HAL_Driver/Src/stm32f4xx_hal_cortex.c 0x00000000   Number         0  stm32f4xx_hal_cortex.o ABSOLUTE
    ../Drivers/STM32F4xx_HAL_Driver/Src/stm32f4xx_hal_dma.c 0x00000000   Number         0  stm32f4xx_hal_dma.o ABSOLUTE
    ../Drivers/STM32F4xx_HAL_Driver/Src/stm32f4xx_hal_dma_ex.c 0x00000000   Number         0  stm32f4xx_hal_dma_ex.o ABSOLUTE
    ../Drivers/STM32F4xx_HAL_Driver/Src/stm32f4xx_hal_exti.c 0x00000000   Number         0  stm32f4xx_hal_exti.o ABSOLUTE
    ../Drivers/STM32F4xx_HAL_Driver/Src/stm32f4xx_hal_flash.c 0x00000000   Number         0  stm32f4xx_hal_flash.o ABSOLUTE
    ../Drivers/STM32F4xx_HAL_Driver/Src/stm32f4xx_hal_flash_ex.c 0x00000000   Number         0  stm32f4xx_hal_flash_ex.o ABSOLUTE
    ../Drivers/STM32F4xx_HAL_Driver/Src/stm32f4xx_hal_flash_ramfunc.c 0x00000000   Number         0  stm32f4xx_hal_flash_ramfunc.o ABSOLUTE
    ../Drivers/STM32F4xx_HAL_Driver/Src/stm32f4xx_hal_gpio.c 0x00000000   Number         0  stm32f4xx_hal_gpio.o ABSOLUTE
    ../Drivers/STM32F4xx_HAL_Driver/Src/stm32f4xx_hal_pwr.c 0x00000000   Number         0  stm32f4xx_hal_pwr.o ABSOLUTE
    ../Drivers/STM32F4xx_HAL_Driver/Src/stm32f4xx_hal_pwr_ex.c 0x00000000   Number         0  stm32f4xx_hal_pwr_ex.o ABSOLUTE
    ../Drivers/STM32F4xx_HAL_Driver/Src/stm32f4xx_hal_rcc.c 0x00000000   Number         0  stm32f4xx_hal_rcc.o ABSOLUTE
    ../Drivers/STM32F4xx_HAL_Driver/Src/stm32f4xx_hal_rcc_ex.c 0x00000000   Number         0  stm32f4xx_hal_rcc_ex.o ABSOLUTE
    ../Drivers/STM32F4xx_HAL_Driver/Src/stm32f4xx_hal_tim.c 0x00000000   Number         0  stm32f4xx_hal_tim.o ABSOLUTE
    ../Drivers/STM32F4xx_HAL_Driver/Src/stm32f4xx_hal_tim_ex.c 0x00000000   Number         0  stm32f4xx_hal_tim_ex.o ABSOLUTE
    ../Drivers/STM32F4xx_HAL_Driver/Src/stm32f4xx_hal_uart.c 0x00000000   Number         0  stm32f4xx_hal_uart.o ABSOLUTE
    ../Middlewares/Third_Party/FreeRTOS/Source/CMSIS_RTOS/cmsis_os.c 0x00000000   Number         0  cmsis_os.o ABSOLUTE
    ../Middlewares/Third_Party/FreeRTOS/Source/croutine.c 0x00000000   Number         0  croutine.o ABSOLUTE
    ../Middlewares/Third_Party/FreeRTOS/Source/event_groups.c 0x00000000   Number         0  event_groups.o ABSOLUTE
    ../Middlewares/Third_Party/FreeRTOS/Source/list.c 0x00000000   Number         0  list.o ABSOLUTE
    ../Middlewares/Third_Party/FreeRTOS/Source/portable/MemMang/heap_4.c 0x00000000   Number         0  heap_4.o ABSOLUTE
    ../Middlewares/Third_Party/FreeRTOS/Source/portable/RVDS/ARM_CM4F/port.c 0x00000000   Number         0  port.o ABSOLUTE
    ../Middlewares/Third_Party/FreeRTOS/Source/queue.c 0x00000000   Number         0  queue.o ABSOLUTE
    ../Middlewares/Third_Party/FreeRTOS/Source/stream_buffer.c 0x00000000   Number         0  stream_buffer.o ABSOLUTE
    ../Middlewares/Third_Party/FreeRTOS/Source/tasks.c 0x00000000   Number         0  tasks.o ABSOLUTE
    ../Middlewares/Third_Party/FreeRTOS/Source/timers.c 0x00000000   Number         0  timers.o ABSOLUTE
    ../clib/microlib/division.c              0x00000000   Number         0  uldiv.o ABSOLUTE
    ../clib/microlib/init/entry.s            0x00000000   Number         0  entry8a.o ABSOLUTE
    ../clib/microlib/init/entry.s            0x00000000   Number         0  entry7b.o ABSOLUTE
    ../clib/microlib/init/entry.s            0x00000000   Number         0  entry7a.o ABSOLUTE
    ../clib/microlib/init/entry.s            0x00000000   Number         0  entry10b.o ABSOLUTE
    ../clib/microlib/init/entry.s            0x00000000   Number         0  entry2.o ABSOLUTE
    ../clib/microlib/init/entry.s            0x00000000   Number         0  entry10a.o ABSOLUTE
    ../clib/microlib/init/entry.s            0x00000000   Number         0  entry9b.o ABSOLUTE
    ../clib/microlib/init/entry.s            0x00000000   Number         0  entry9a.o ABSOLUTE
    ../clib/microlib/init/entry.s            0x00000000   Number         0  entry8b.o ABSOLUTE
    ../clib/microlib/init/entry.s            0x00000000   Number         0  entry12a.o ABSOLUTE
    ../clib/microlib/init/entry.s            0x00000000   Number         0  entry11b.o ABSOLUTE
    ../clib/microlib/init/entry.s            0x00000000   Number         0  entry11a.o ABSOLUTE
    ../clib/microlib/init/entry.s            0x00000000   Number         0  entry12b.o ABSOLUTE
    ../clib/microlib/init/entry.s            0x00000000   Number         0  entry.o ABSOLUTE
    ../clib/microlib/init/entry.s            0x00000000   Number         0  entry5.o ABSOLUTE
    ../clib/microlib/longlong.c              0x00000000   Number         0  llshl.o ABSOLUTE
    ../clib/microlib/longlong.c              0x00000000   Number         0  llsshr.o ABSOLUTE
    ../clib/microlib/longlong.c              0x00000000   Number         0  llushr.o ABSOLUTE
    ../clib/microlib/string/memcpy.c         0x00000000   Number         0  memcpya.o ABSOLUTE
    ../clib/microlib/string/memcpy.c         0x00000000   Number         0  memcpyb.o ABSOLUTE
    ../clib/microlib/string/memset.c         0x00000000   Number         0  memseta.o ABSOLUTE
    ../clib/microlib/string/memset.c         0x00000000   Number         0  memset.o ABSOLUTE
    ../clib/microlib/stubs.s                 0x00000000   Number         0  iusefp.o ABSOLUTE
    ../fplib/microlib/d2f.c                  0x00000000   Number         0  d2f.o ABSOLUTE
    ../fplib/microlib/f2d.c                  0x00000000   Number         0  f2d.o ABSOLUTE
    ../fplib/microlib/fpadd.c                0x00000000   Number         0  dadd.o ABSOLUTE
    ../fplib/microlib/fpdiv.c                0x00000000   Number         0  ddiv.o ABSOLUTE
    ../fplib/microlib/fpepilogue.c           0x00000000   Number         0  depilogue.o ABSOLUTE
    ../fplib/microlib/fpepilogue.c           0x00000000   Number         0  fepilogue.o ABSOLUTE
    ../fplib/microlib/fpflt.c                0x00000000   Number         0  dflti.o ABSOLUTE
    ../fplib/microlib/fpmul.c                0x00000000   Number         0  dmul.o ABSOLUTE
    ..\Core\Src\can.c                        0x00000000   Number         0  can.o ABSOLUTE
    ..\Core\Src\dma.c                        0x00000000   Number         0  dma.o ABSOLUTE
    ..\Core\Src\freertos.c                   0x00000000   Number         0  freertos.o ABSOLUTE
    ..\Core\Src\gpio.c                       0x00000000   Number         0  gpio.o ABSOLUTE
    ..\Core\Src\main.c                       0x00000000   Number         0  main.o ABSOLUTE
    ..\Core\Src\stm32f4xx_hal_msp.c          0x00000000   Number         0  stm32f4xx_hal_msp.o ABSOLUTE
    ..\Core\Src\stm32f4xx_it.c               0x00000000   Number         0  stm32f4xx_it.o ABSOLUTE
    ..\Core\Src\system_stm32f4xx.c           0x00000000   Number         0  system_stm32f4xx.o ABSOLUTE
    ..\Core\Src\usart.c                      0x00000000   Number         0  usart.o ABSOLUTE
    ..\Drivers\STM32F4xx_HAL_Driver\Src\stm32f4xx_hal.c 0x00000000   Number         0  stm32f4xx_hal.o ABSOLUTE
    ..\Drivers\STM32F4xx_HAL_Driver\Src\stm32f4xx_hal_can.c 0x00000000   Number         0  stm32f4xx_hal_can.o ABSOLUTE
    ..\Drivers\STM32F4xx_HAL_Driver\Src\stm32f4xx_hal_cortex.c 0x00000000   Number         0  stm32f4xx_hal_cortex.o ABSOLUTE
    ..\Drivers\STM32F4xx_HAL_Driver\Src\stm32f4xx_hal_dma.c 0x00000000   Number         0  stm32f4xx_hal_dma.o ABSOLUTE
    ..\Drivers\STM32F4xx_HAL_Driver\Src\stm32f4xx_hal_dma_ex.c 0x00000000   Number         0  stm32f4xx_hal_dma_ex.o ABSOLUTE
    ..\Drivers\STM32F4xx_HAL_Driver\Src\stm32f4xx_hal_exti.c 0x00000000   Number         0  stm32f4xx_hal_exti.o ABSOLUTE
    ..\Drivers\STM32F4xx_HAL_Driver\Src\stm32f4xx_hal_flash.c 0x00000000   Number         0  stm32f4xx_hal_flash.o ABSOLUTE
    ..\Drivers\STM32F4xx_HAL_Driver\Src\stm32f4xx_hal_flash_ex.c 0x00000000   Number         0  stm32f4xx_hal_flash_ex.o ABSOLUTE
    ..\Drivers\STM32F4xx_HAL_Driver\Src\stm32f4xx_hal_flash_ramfunc.c 0x00000000   Number         0  stm32f4xx_hal_flash_ramfunc.o ABSOLUTE
    ..\Drivers\STM32F4xx_HAL_Driver\Src\stm32f4xx_hal_gpio.c 0x00000000   Number         0  stm32f4xx_hal_gpio.o ABSOLUTE
    ..\Drivers\STM32F4xx_HAL_Driver\Src\stm32f4xx_hal_pwr.c 0x00000000   Number         0  stm32f4xx_hal_pwr.o ABSOLUTE
    ..\Drivers\STM32F4xx_HAL_Driver\Src\stm32f4xx_hal_pwr_ex.c 0x00000000   Number         0  stm32f4xx_hal_pwr_ex.o ABSOLUTE
    ..\Drivers\STM32F4xx_HAL_Driver\Src\stm32f4xx_hal_rcc.c 0x00000000   Number         0  stm32f4xx_hal_rcc.o ABSOLUTE
    ..\Drivers\STM32F4xx_HAL_Driver\Src\stm32f4xx_hal_rcc_ex.c 0x00000000   Number         0  stm32f4xx_hal_rcc_ex.o ABSOLUTE
    ..\Drivers\STM32F4xx_HAL_Driver\Src\stm32f4xx_hal_tim.c 0x00000000   Number         0  stm32f4xx_hal_tim.o ABSOLUTE
    ..\Drivers\STM32F4xx_HAL_Driver\Src\stm32f4xx_hal_tim_ex.c 0x00000000   Number         0  stm32f4xx_hal_tim_ex.o ABSOLUTE
    ..\Drivers\STM32F4xx_HAL_Driver\Src\stm32f4xx_hal_uart.c 0x00000000   Number         0  stm32f4xx_hal_uart.o ABSOLUTE
    ..\Middlewares\Third_Party\FreeRTOS\Source\CMSIS_RTOS\cmsis_os.c 0x00000000   Number         0  cmsis_os.o ABSOLUTE
    ..\Middlewares\Third_Party\FreeRTOS\Source\portable\RVDS\ARM_CM4F\port.c 0x00000000   Number         0  port.o ABSOLUTE
    ..\UC\Caculate.c                         0x00000000   Number         0  caculate.o ABSOLUTE
    ..\UC\DJI.c                              0x00000000   Number         0  dji.o ABSOLUTE
    ..\UC\wtr_can.c                          0x00000000   Number         0  wtr_can.o ABSOLUTE
    ..\UC\wtr_uart.c                         0x00000000   Number         0  wtr_uart.o ABSOLUTE
    ..\\UC\\Caculate.c                       0x00000000   Number         0  caculate.o ABSOLUTE
    ..\\UC\\DJI.c                            0x00000000   Number         0  dji.o ABSOLUTE
    ..\\UC\\wtr_can.c                        0x00000000   Number         0  wtr_can.o ABSOLUTE
    ..\\UC\\wtr_uart.c                       0x00000000   Number         0  wtr_uart.o ABSOLUTE
    dc.s                                     0x00000000   Number         0  dc.o ABSOLUTE
    handlers.s                               0x00000000   Number         0  handlers.o ABSOLUTE
    init.s                                   0x00000000   Number         0  init.o ABSOLUTE
    startup_stm32f427xx.s                    0x00000000   Number         0  startup_stm32f427xx.o ABSOLUTE
    RESET                                    0x08000000   Section      428  startup_stm32f427xx.o(RESET)
    .ARM.Collect$$$$00000000                 0x080001ac   Section        0  entry.o(.ARM.Collect$$$$00000000)
    .ARM.Collect$$$$00000001                 0x080001ac   Section        4  entry2.o(.ARM.Collect$$$$00000001)
    .ARM.Collect$$$$00000004                 0x080001b0   Section        4  entry5.o(.ARM.Collect$$$$00000004)
    .ARM.Collect$$$$00000008                 0x080001b4   Section        0  entry7b.o(.ARM.Collect$$$$00000008)
    .ARM.Collect$$$$0000000A                 0x080001b4   Section        0  entry8b.o(.ARM.Collect$$$$0000000A)
    .ARM.Collect$$$$0000000B                 0x080001b4   Section        8  entry9a.o(.ARM.Collect$$$$0000000B)
    .ARM.Collect$$$$0000000E                 0x080001bc   Section        4  entry12b.o(.ARM.Collect$$$$0000000E)
    .ARM.Collect$$$$0000000F                 0x080001c0   Section        0  entry10a.o(.ARM.Collect$$$$0000000F)
    .ARM.Collect$$$$00000011                 0x080001c0   Section        0  entry11a.o(.ARM.Collect$$$$00000011)
    .ARM.Collect$$$$00002712                 0x080001c0   Section        4  entry2.o(.ARM.Collect$$$$00002712)
    __lit__00000000                          0x080001c0   Data           4  entry2.o(.ARM.Collect$$$$00002712)
    .emb_text                                0x080001c4   Section      190  port.o(.emb_text)
    $v0                                      0x080001c4   Number         0  port.o(.emb_text)
    .text                                    0x08000284   Section       36  startup_stm32f427xx.o(.text)
    $v0                                      0x08000284   Number         0  startup_stm32f427xx.o(.text)
    .text                                    0x080002a8   Section        0  uldiv.o(.text)
    .text                                    0x0800030a   Section        0  memcpya.o(.text)
    .text                                    0x0800032e   Section        0  memseta.o(.text)
    .text                                    0x08000352   Section        0  dadd.o(.text)
    .text                                    0x080004a0   Section        0  dmul.o(.text)
    .text                                    0x08000584   Section        0  ddiv.o(.text)
    .text                                    0x08000662   Section        0  dflti.o(.text)
    .text                                    0x08000684   Section        0  f2d.o(.text)
    .text                                    0x080006aa   Section        0  d2f.o(.text)
    .text                                    0x080006e2   Section        0  llshl.o(.text)
    .text                                    0x08000700   Section        0  llushr.o(.text)
    .text                                    0x08000720   Section        0  llsshr.o(.text)
    .text                                    0x08000744   Section        0  fepilogue.o(.text)
    .text                                    0x08000744   Section        0  iusefp.o(.text)
    .text                                    0x080007b2   Section        0  depilogue.o(.text)
    .text                                    0x0800086c   Section       36  init.o(.text)
    i.AdjustTask02                           0x08000890   Section        0  freertos.o(i.AdjustTask02)
    i.BusFault_Handler                       0x080009ac   Section        0  stm32f4xx_it.o(i.BusFault_Handler)
    i.CAN1_RX0_IRQHandler                    0x080009b0   Section        0  stm32f4xx_it.o(i.CAN1_RX0_IRQHandler)
    i.CANFilterInit                          0x080009bc   Section        0  wtr_can.o(i.CANFilterInit)
    i.CanDataDecode                          0x08000a0c   Section        0  wtr_can.o(i.CanDataDecode)
    i.CanTransmit_DJI_1234                   0x08000a1c   Section        0  dji.o(i.CanTransmit_DJI_1234)
    i.CanTransmit_DJI_5678                   0x08000a80   Section        0  dji.o(i.CanTransmit_DJI_5678)
    i.DJI_CanMsgDecode                       0x08000ae8   Section        0  dji.o(i.DJI_CanMsgDecode)
    i.DJI_Init                               0x08000b20   Section        0  dji.o(i.DJI_Init)
    i.DJI_Update                             0x08000bac   Section        0  dji.o(i.DJI_Update)
    i.DMA2_Stream2_IRQHandler                0x08000c74   Section        0  stm32f4xx_it.o(i.DMA2_Stream2_IRQHandler)
    i.DMA_CalcBaseAndBitshift                0x08000c80   Section        0  stm32f4xx_hal_dma.o(i.DMA_CalcBaseAndBitshift)
    DMA_CalcBaseAndBitshift                  0x08000c81   Thumb Code    34  stm32f4xx_hal_dma.o(i.DMA_CalcBaseAndBitshift)
    i.DMA_CheckFifoParam                     0x08000ca8   Section        0  stm32f4xx_hal_dma.o(i.DMA_CheckFifoParam)
    DMA_CheckFifoParam                       0x08000ca9   Thumb Code    84  stm32f4xx_hal_dma.o(i.DMA_CheckFifoParam)
    i.DMA_SetConfig                          0x08000cfc   Section        0  stm32f4xx_hal_dma.o(i.DMA_SetConfig)
    DMA_SetConfig                            0x08000cfd   Thumb Code    40  stm32f4xx_hal_dma.o(i.DMA_SetConfig)
    i.DebugMon_Handler                       0x08000d24   Section        0  stm32f4xx_it.o(i.DebugMon_Handler)
    i.Error_Handler                          0x08000d26   Section        0  main.o(i.Error_Handler)
    i.FetchTask03                            0x08000d2c   Section        0  freertos.o(i.FetchTask03)
    i.HAL_CAN_ActivateNotification           0x08000da0   Section        0  stm32f4xx_hal_can.o(i.HAL_CAN_ActivateNotification)
    i.HAL_CAN_AddTxMessage                   0x08000dc4   Section        0  stm32f4xx_hal_can.o(i.HAL_CAN_AddTxMessage)
    i.HAL_CAN_ConfigFilter                   0x08000ea0   Section        0  stm32f4xx_hal_can.o(i.HAL_CAN_ConfigFilter)
    i.HAL_CAN_ErrorCallback                  0x08000fac   Section        0  stm32f4xx_hal_can.o(i.HAL_CAN_ErrorCallback)
    i.HAL_CAN_GetRxMessage                   0x08000fae   Section        0  stm32f4xx_hal_can.o(i.HAL_CAN_GetRxMessage)
    i.HAL_CAN_GetTxMailboxesFreeLevel        0x08001096   Section        0  stm32f4xx_hal_can.o(i.HAL_CAN_GetTxMailboxesFreeLevel)
    i.HAL_CAN_IRQHandler                     0x080010c2   Section        0  stm32f4xx_hal_can.o(i.HAL_CAN_IRQHandler)
    i.HAL_CAN_Init                           0x080012be   Section        0  stm32f4xx_hal_can.o(i.HAL_CAN_Init)
    i.HAL_CAN_MspInit                        0x080013d8   Section        0  can.o(i.HAL_CAN_MspInit)
    i.HAL_CAN_RxFifo0FullCallback            0x08001450   Section        0  stm32f4xx_hal_can.o(i.HAL_CAN_RxFifo0FullCallback)
    i.HAL_CAN_RxFifo0MsgPendingCallback      0x08001454   Section        0  wtr_can.o(i.HAL_CAN_RxFifo0MsgPendingCallback)
    i.HAL_CAN_RxFifo1FullCallback            0x08001494   Section        0  stm32f4xx_hal_can.o(i.HAL_CAN_RxFifo1FullCallback)
    i.HAL_CAN_RxFifo1MsgPendingCallback      0x08001496   Section        0  stm32f4xx_hal_can.o(i.HAL_CAN_RxFifo1MsgPendingCallback)
    i.HAL_CAN_SleepCallback                  0x08001498   Section        0  stm32f4xx_hal_can.o(i.HAL_CAN_SleepCallback)
    i.HAL_CAN_Start                          0x0800149c   Section        0  stm32f4xx_hal_can.o(i.HAL_CAN_Start)
    i.HAL_CAN_TxMailbox0AbortCallback        0x080014f4   Section        0  stm32f4xx_hal_can.o(i.HAL_CAN_TxMailbox0AbortCallback)
    i.HAL_CAN_TxMailbox0CompleteCallback     0x080014f6   Section        0  stm32f4xx_hal_can.o(i.HAL_CAN_TxMailbox0CompleteCallback)
    i.HAL_CAN_TxMailbox1AbortCallback        0x080014f8   Section        0  stm32f4xx_hal_can.o(i.HAL_CAN_TxMailbox1AbortCallback)
    i.HAL_CAN_TxMailbox1CompleteCallback     0x080014fa   Section        0  stm32f4xx_hal_can.o(i.HAL_CAN_TxMailbox1CompleteCallback)
    i.HAL_CAN_TxMailbox2AbortCallback        0x080014fc   Section        0  stm32f4xx_hal_can.o(i.HAL_CAN_TxMailbox2AbortCallback)
    i.HAL_CAN_TxMailbox2CompleteCallback     0x080014fe   Section        0  stm32f4xx_hal_can.o(i.HAL_CAN_TxMailbox2CompleteCallback)
    i.HAL_CAN_WakeUpFromRxMsgCallback        0x08001500   Section        0  stm32f4xx_hal_can.o(i.HAL_CAN_WakeUpFromRxMsgCallback)
    i.HAL_DMA_IRQHandler                     0x08001504   Section        0  stm32f4xx_hal_dma.o(i.HAL_DMA_IRQHandler)
    i.HAL_DMA_Init                           0x080016a4   Section        0  stm32f4xx_hal_dma.o(i.HAL_DMA_Init)
    i.HAL_DMA_Start_IT                       0x08001778   Section        0  stm32f4xx_hal_dma.o(i.HAL_DMA_Start_IT)
    i.HAL_GPIO_Init                          0x080017e8   Section        0  stm32f4xx_hal_gpio.o(i.HAL_GPIO_Init)
    i.HAL_GPIO_WritePin                      0x080019bc   Section        0  stm32f4xx_hal_gpio.o(i.HAL_GPIO_WritePin)
    i.HAL_GetTick                            0x080019c8   Section        0  stm32f4xx_hal.o(i.HAL_GetTick)
    i.HAL_IncTick                            0x080019d4   Section        0  stm32f4xx_hal.o(i.HAL_IncTick)
    i.HAL_Init                               0x080019e4   Section        0  stm32f4xx_hal.o(i.HAL_Init)
    i.HAL_InitTick                           0x08001a18   Section        0  stm32f4xx_hal.o(i.HAL_InitTick)
    i.HAL_MspInit                            0x08001a58   Section        0  stm32f4xx_hal_msp.o(i.HAL_MspInit)
    i.HAL_NVIC_EnableIRQ                     0x08001a90   Section        0  stm32f4xx_hal_cortex.o(i.HAL_NVIC_EnableIRQ)
    i.HAL_NVIC_SetPriority                   0x08001aac   Section        0  stm32f4xx_hal_cortex.o(i.HAL_NVIC_SetPriority)
    i.HAL_NVIC_SetPriorityGrouping           0x08001aec   Section        0  stm32f4xx_hal_cortex.o(i.HAL_NVIC_SetPriorityGrouping)
    i.HAL_PWREx_EnableOverDrive              0x08001b10   Section        0  stm32f4xx_hal_pwr_ex.o(i.HAL_PWREx_EnableOverDrive)
    i.HAL_RCC_ClockConfig                    0x08001b80   Section        0  stm32f4xx_hal_rcc.o(i.HAL_RCC_ClockConfig)
    i.HAL_RCC_GetPCLK1Freq                   0x08001cb4   Section        0  stm32f4xx_hal_rcc.o(i.HAL_RCC_GetPCLK1Freq)
    i.HAL_RCC_GetPCLK2Freq                   0x08001cd4   Section        0  stm32f4xx_hal_rcc.o(i.HAL_RCC_GetPCLK2Freq)
    i.HAL_RCC_GetSysClockFreq                0x08001cf4   Section        0  stm32f4xx_hal_rcc.o(i.HAL_RCC_GetSysClockFreq)
    i.HAL_RCC_OscConfig                      0x08001d58   Section        0  stm32f4xx_hal_rcc.o(i.HAL_RCC_OscConfig)
    i.HAL_SYSTICK_Config                     0x080020b4   Section        0  stm32f4xx_hal_cortex.o(i.HAL_SYSTICK_Config)
    i.HAL_UART_ErrorCallback                 0x080020dc   Section        0  stm32f4xx_hal_uart.o(i.HAL_UART_ErrorCallback)
    i.HAL_UART_Init                          0x080020de   Section        0  stm32f4xx_hal_uart.o(i.HAL_UART_Init)
    i.HAL_UART_MspInit                       0x08002140   Section        0  usart.o(i.HAL_UART_MspInit)
    i.HAL_UART_Receive_DMA                   0x080021e0   Section        0  stm32f4xx_hal_uart.o(i.HAL_UART_Receive_DMA)
    i.HAL_UART_RxCpltCallback                0x08002278   Section        0  wtr_uart.o(i.HAL_UART_RxCpltCallback)
    i.HAL_UART_RxHalfCpltCallback            0x0800228c   Section        0  stm32f4xx_hal_uart.o(i.HAL_UART_RxHalfCpltCallback)
    i.HardFault_Handler                      0x0800228e   Section        0  stm32f4xx_it.o(i.HardFault_Handler)
    i.MX_CAN1_Init                           0x08002290   Section        0  can.o(i.MX_CAN1_Init)
    i.MX_DMA_Init                            0x080022d0   Section        0  dma.o(i.MX_DMA_Init)
    i.MX_FREERTOS_Init                       0x080022fc   Section        0  freertos.o(i.MX_FREERTOS_Init)
    i.MX_GPIO_Init                           0x08002350   Section        0  gpio.o(i.MX_GPIO_Init)
    i.MX_USART1_UART_Init                    0x080023cc   Section        0  usart.o(i.MX_USART1_UART_Init)
    i.MemManage_Handler                      0x08002408   Section        0  stm32f4xx_it.o(i.MemManage_Handler)
    i.NMI_Handler                            0x0800240a   Section        0  stm32f4xx_it.o(i.NMI_Handler)
    i.PID_Calc                               0x0800240c   Section        0  caculate.o(i.PID_Calc)
    i.StartDefaultTask                       0x08002490   Section        0  freertos.o(i.StartDefaultTask)
    i.SysTick_Handler                        0x0800251c   Section        0  stm32f4xx_it.o(i.SysTick_Handler)
    i.SystemClock_Config                     0x08002534   Section        0  main.o(i.SystemClock_Config)
    i.SystemInit                             0x080025d4   Section        0  system_stm32f4xx.o(i.SystemInit)
    i.UART1Decode                            0x080025f0   Section        0  wtr_uart.o(i.UART1Decode)
    i.UART_DMAError                          0x080026c8   Section        0  stm32f4xx_hal_uart.o(i.UART_DMAError)
    UART_DMAError                            0x080026c9   Thumb Code    74  stm32f4xx_hal_uart.o(i.UART_DMAError)
    i.UART_DMAReceiveCplt                    0x08002712   Section        0  stm32f4xx_hal_uart.o(i.UART_DMAReceiveCplt)
    UART_DMAReceiveCplt                      0x08002713   Thumb Code    60  stm32f4xx_hal_uart.o(i.UART_DMAReceiveCplt)
    i.UART_DMARxHalfCplt                     0x0800274e   Section        0  stm32f4xx_hal_uart.o(i.UART_DMARxHalfCplt)
    UART_DMARxHalfCplt                       0x0800274f   Thumb Code    10  stm32f4xx_hal_uart.o(i.UART_DMARxHalfCplt)
    i.UART_EndRxTransfer                     0x08002758   Section        0  stm32f4xx_hal_uart.o(i.UART_EndRxTransfer)
    UART_EndRxTransfer                       0x08002759   Thumb Code    28  stm32f4xx_hal_uart.o(i.UART_EndRxTransfer)
    i.UART_EndTxTransfer                     0x08002774   Section        0  stm32f4xx_hal_uart.o(i.UART_EndTxTransfer)
    UART_EndTxTransfer                       0x08002775   Thumb Code    18  stm32f4xx_hal_uart.o(i.UART_EndTxTransfer)
    i.UART_SetConfig                         0x08002788   Section        0  stm32f4xx_hal_uart.o(i.UART_SetConfig)
    UART_SetConfig                           0x08002789   Thumb Code   286  stm32f4xx_hal_uart.o(i.UART_SetConfig)
    i.UsageFault_Handler                     0x080028b0   Section        0  stm32f4xx_it.o(i.UsageFault_Handler)
    i.__NVIC_SetPriority                     0x080028b2   Section        0  stm32f4xx_hal_cortex.o(i.__NVIC_SetPriority)
    __NVIC_SetPriority                       0x080028b3   Thumb Code    32  stm32f4xx_hal_cortex.o(i.__NVIC_SetPriority)
    i.__scatterload_copy                     0x080028d2   Section       14  handlers.o(i.__scatterload_copy)
    i.__scatterload_null                     0x080028e0   Section        2  handlers.o(i.__scatterload_null)
    i.__scatterload_zeroinit                 0x080028e2   Section       14  handlers.o(i.__scatterload_zeroinit)
    i.get_dji_offset                         0x080028f0   Section        0  dji.o(i.get_dji_offset)
    i.main                                   0x08002924   Section        0  main.o(i.main)
    i.makeFreeRtosPriority                   0x0800298c   Section        0  cmsis_os.o(i.makeFreeRtosPriority)
    makeFreeRtosPriority                     0x0800298d   Thumb Code    12  cmsis_os.o(i.makeFreeRtosPriority)
    i.osDelay                                0x08002998   Section        0  cmsis_os.o(i.osDelay)
    i.osKernelStart                          0x080029a6   Section        0  cmsis_os.o(i.osKernelStart)
    i.osThreadCreate                         0x080029b0   Section        0  cmsis_os.o(i.osThreadCreate)
    i.positionServo                          0x08002a04   Section        0  caculate.o(i.positionServo)
    i.prvAddCurrentTaskToDelayedList         0x08002a38   Section        0  tasks.o(i.prvAddCurrentTaskToDelayedList)
    prvAddCurrentTaskToDelayedList           0x08002a39   Thumb Code   102  tasks.o(i.prvAddCurrentTaskToDelayedList)
    i.prvAddNewTaskToReadyList               0x08002aa8   Section        0  tasks.o(i.prvAddNewTaskToReadyList)
    prvAddNewTaskToReadyList                 0x08002aa9   Thumb Code   194  tasks.o(i.prvAddNewTaskToReadyList)
    i.prvDeleteTCB                           0x08002b78   Section        0  tasks.o(i.prvDeleteTCB)
    prvDeleteTCB                             0x08002b79   Thumb Code    52  tasks.o(i.prvDeleteTCB)
    i.prvHeapInit                            0x08002bac   Section        0  heap_4.o(i.prvHeapInit)
    prvHeapInit                              0x08002bad   Thumb Code    66  heap_4.o(i.prvHeapInit)
    i.prvIdleTask                            0x08002bf8   Section        0  tasks.o(i.prvIdleTask)
    prvIdleTask                              0x08002bf9   Thumb Code    82  tasks.o(i.prvIdleTask)
    i.prvInitialiseNewTask                   0x08002c58   Section        0  tasks.o(i.prvInitialiseNewTask)
    prvInitialiseNewTask                     0x08002c59   Thumb Code   152  tasks.o(i.prvInitialiseNewTask)
    i.prvInsertBlockIntoFreeList             0x08002cf0   Section        0  heap_4.o(i.prvInsertBlockIntoFreeList)
    prvInsertBlockIntoFreeList               0x08002cf1   Thumb Code    72  heap_4.o(i.prvInsertBlockIntoFreeList)
    i.prvResetNextTaskUnblockTime            0x08002d3c   Section        0  tasks.o(i.prvResetNextTaskUnblockTime)
    prvResetNextTaskUnblockTime              0x08002d3d   Thumb Code    26  tasks.o(i.prvResetNextTaskUnblockTime)
    i.prvTaskExitError                       0x08002d5c   Section        0  port.o(i.prvTaskExitError)
    prvTaskExitError                         0x08002d5d   Thumb Code    36  port.o(i.prvTaskExitError)
    i.pvPortMalloc                           0x08002d84   Section        0  heap_4.o(i.pvPortMalloc)
    i.pxPortInitialiseStack                  0x08002e5c   Section        0  port.o(i.pxPortInitialiseStack)
    i.speedServo                             0x08002e88   Section        0  caculate.o(i.speedServo)
    i.uxListRemove                           0x08002e9a   Section        0  list.o(i.uxListRemove)
    i.vApplicationGetIdleTaskMemory          0x08002ec0   Section        0  freertos.o(i.vApplicationGetIdleTaskMemory)
    i.vListInitialise                        0x08002ed4   Section        0  list.o(i.vListInitialise)
    i.vListInitialiseItem                    0x08002eea   Section        0  list.o(i.vListInitialiseItem)
    i.vListInsert                            0x08002ef0   Section        0  list.o(i.vListInsert)
    i.vListInsertEnd                         0x08002f20   Section        0  list.o(i.vListInsertEnd)
    i.vPortEnterCritical                     0x08002f38   Section        0  port.o(i.vPortEnterCritical)
    i.vPortExitCritical                      0x08002f78   Section        0  port.o(i.vPortExitCritical)
    i.vPortFree                              0x08002fa0   Section        0  heap_4.o(i.vPortFree)
    i.vPortSetupTimerInterrupt               0x08002ffc   Section        0  port.o(i.vPortSetupTimerInterrupt)
    i.vTaskDelay                             0x08003020   Section        0  tasks.o(i.vTaskDelay)
    i.vTaskStartScheduler                    0x0800306c   Section        0  tasks.o(i.vTaskStartScheduler)
    i.vTaskSuspendAll                        0x080030d8   Section        0  tasks.o(i.vTaskSuspendAll)
    i.vTaskSwitchContext                     0x080030e8   Section        0  tasks.o(i.vTaskSwitchContext)
    i.xPortStartScheduler                    0x08003144   Section        0  port.o(i.xPortStartScheduler)
    i.xPortSysTickHandler                    0x08003238   Section        0  port.o(i.xPortSysTickHandler)
    i.xTaskCreate                            0x08003264   Section        0  tasks.o(i.xTaskCreate)
    i.xTaskCreateStatic                      0x080032be   Section        0  tasks.o(i.xTaskCreateStatic)
    i.xTaskGetSchedulerState                 0x08003314   Section        0  tasks.o(i.xTaskGetSchedulerState)
    i.xTaskIncrementTick                     0x08003330   Section        0  tasks.o(i.xTaskIncrementTick)
    i.xTaskResumeAll                         0x080033f8   Section        0  tasks.o(i.xTaskResumeAll)
    .constdata                               0x080034bc   Section       84  freertos.o(.constdata)
    .constdata                               0x08003510   Section        8  stm32f4xx_hal_dma.o(.constdata)
    flagBitshiftOffset                       0x08003510   Data           8  stm32f4xx_hal_dma.o(.constdata)
    .constdata                               0x08003518   Section       16  system_stm32f4xx.o(.constdata)
    .constdata                               0x08003528   Section        8  system_stm32f4xx.o(.constdata)
    .conststring                             0x08003530   Section       36  freertos.o(.conststring)
    .data                                    0x20000000   Section       12  freertos.o(.data)
    .data                                    0x2000000c   Section       12  stm32f4xx_hal.o(.data)
    .data                                    0x20000018   Section        4  system_stm32f4xx.o(.data)
    .data                                    0x2000001c   Section       60  tasks.o(.data)
    pxDelayedTaskList                        0x20000020   Data           4  tasks.o(.data)
    pxOverflowDelayedTaskList                0x20000024   Data           4  tasks.o(.data)
    uxDeletedTasksWaitingCleanUp             0x20000028   Data           4  tasks.o(.data)
    uxCurrentNumberOfTasks                   0x2000002c   Data           4  tasks.o(.data)
    xTickCount                               0x20000030   Data           4  tasks.o(.data)
    uxTopReadyPriority                       0x20000034   Data           4  tasks.o(.data)
    xSchedulerRunning                        0x20000038   Data           4  tasks.o(.data)
    uxPendedTicks                            0x2000003c   Data           4  tasks.o(.data)
    xYieldPending                            0x20000040   Data           4  tasks.o(.data)
    xNumOfOverflows                          0x20000044   Data           4  tasks.o(.data)
    uxTaskNumber                             0x20000048   Data           4  tasks.o(.data)
    xNextTaskUnblockTime                     0x2000004c   Data           4  tasks.o(.data)
    xIdleTaskHandle                          0x20000050   Data           4  tasks.o(.data)
    uxSchedulerSuspended                     0x20000054   Data           4  tasks.o(.data)
    .data                                    0x20000058   Section       24  heap_4.o(.data)
    pxEnd                                    0x20000058   Data           4  heap_4.o(.data)
    xFreeBytesRemaining                      0x2000005c   Data           4  heap_4.o(.data)
    xMinimumEverFreeBytesRemaining           0x20000060   Data           4  heap_4.o(.data)
    xBlockAllocatedBit                       0x20000064   Data           4  heap_4.o(.data)
    xStart                                   0x20000068   Data           8  heap_4.o(.data)
    .data                                    0x20000070   Section       12  port.o(.data)
    ucMaxSysCallPriority                     0x20000070   Data           1  port.o(.data)
    uxCriticalNesting                        0x20000074   Data           4  port.o(.data)
    ulMaxPRIGROUPValue                       0x20000078   Data           4  port.o(.data)
    .data                                    0x2000007c   Section        4  dji.o(.data)
    TxMailbox                                0x2000007c   Data           4  dji.o(.data)
    .data                                    0x20000080   Section        8  wtr_can.o(.data)
    .data                                    0x20000088   Section       16  wtr_uart.o(.data)
    .bss                                     0x20000098   Section      596  freertos.o(.bss)
    xIdleTaskTCBBuffer                       0x20000098   Data          84  freertos.o(.bss)
    xIdleStack                               0x200000ec   Data         512  freertos.o(.bss)
    .bss                                     0x200002ec   Section       40  can.o(.bss)
    .bss                                     0x20000314   Section      160  usart.o(.bss)
    .bss                                     0x200003b4   Section      240  tasks.o(.bss)
    pxReadyTasksLists                        0x200003b4   Data         140  tasks.o(.bss)
    xDelayedTaskList1                        0x20000440   Data          20  tasks.o(.bss)
    xDelayedTaskList2                        0x20000454   Data          20  tasks.o(.bss)
    xPendingReadyList                        0x20000468   Data          20  tasks.o(.bss)
    xTasksWaitingTermination                 0x2000047c   Data          20  tasks.o(.bss)
    xSuspendedTaskList                       0x20000490   Data          20  tasks.o(.bss)
    .bss                                     0x200004a4   Section    15360  heap_4.o(.bss)
    ucHeap                                   0x200004a4   Data       15360  heap_4.o(.bss)
    .bss                                     0x200040a4   Section     1152  dji.o(.bss)
    .bss                                     0x20004524   Section       30  wtr_uart.o(.bss)
    STACK                                    0x20004548   Section     1024  startup_stm32f427xx.o(STACK)

    Global Symbols

    Symbol Name                              Value     Ov Type        Size  Object(Section)

    BuildAttributes$$THM_ISAv4$E$P$D$K$B$S$7EM$VFPi3$EXTD16$VFPS$VFMA$PE$A:L22UL41UL21$X:L11$S22US41US21$IEEE1$IW$USESV6$~STKCKD$USESV7$~SHL$OTIME$ROPI$EBA8$MICROLIB$REQ8$PRES8$EABIv2 0x00000000   Number         0  anon$$obj.o ABSOLUTE
    __ARM_use_no_argv                        0x00000000   Number         0  main.o ABSOLUTE
    __arm_fini_                               - Undefined Weak Reference
    __cpp_initialize__aeabi_                  - Undefined Weak Reference
    __cxa_finalize                            - Undefined Weak Reference
    __decompress                              - Undefined Weak Reference
    _clock_init                               - Undefined Weak Reference
    _microlib_exit                            - Undefined Weak Reference
    __Vectors_Size                           0x000001ac   Number         0  startup_stm32f427xx.o ABSOLUTE
    __Vectors                                0x08000000   Data           4  startup_stm32f427xx.o(RESET)
    __Vectors_End                            0x080001ac   Data           0  startup_stm32f427xx.o(RESET)
    __main                                   0x080001ad   Thumb Code     0  entry.o(.ARM.Collect$$$$00000000)
    _main_stk                                0x080001ad   Thumb Code     0  entry2.o(.ARM.Collect$$$$00000001)
    _main_scatterload                        0x080001b1   Thumb Code     0  entry5.o(.ARM.Collect$$$$00000004)
    __main_after_scatterload                 0x080001b5   Thumb Code     0  entry5.o(.ARM.Collect$$$$00000004)
    _main_clock                              0x080001b5   Thumb Code     0  entry7b.o(.ARM.Collect$$$$00000008)
    _main_cpp_init                           0x080001b5   Thumb Code     0  entry8b.o(.ARM.Collect$$$$0000000A)
    _main_init                               0x080001b5   Thumb Code     0  entry9a.o(.ARM.Collect$$$$0000000B)
    __rt_lib_shutdown_fini                   0x080001bd   Thumb Code     0  entry12b.o(.ARM.Collect$$$$0000000E)
    __rt_final_cpp                           0x080001c1   Thumb Code     0  entry10a.o(.ARM.Collect$$$$0000000F)
    __rt_final_exit                          0x080001c1   Thumb Code     0  entry11a.o(.ARM.Collect$$$$00000011)
    SVC_Handler                              0x080001c5   Thumb Code    28  port.o(.emb_text)
    __asm___6_port_c_39a90d8d__prvStartFirstTask 0x080001e5   Thumb Code    36  port.o(.emb_text)
    __asm___6_port_c_39a90d8d__prvEnableVFP  0x0800020d   Thumb Code    16  port.o(.emb_text)
    PendSV_Handler                           0x08000221   Thumb Code    88  port.o(.emb_text)
    vPortGetIPSR                             0x0800027d   Thumb Code     6  port.o(.emb_text)
    Reset_Handler                            0x08000285   Thumb Code     8  startup_stm32f427xx.o(.text)
    ADC_IRQHandler                           0x0800029f   Thumb Code     0  startup_stm32f427xx.o(.text)
    CAN1_RX1_IRQHandler                      0x0800029f   Thumb Code     0  startup_stm32f427xx.o(.text)
    CAN1_SCE_IRQHandler                      0x0800029f   Thumb Code     0  startup_stm32f427xx.o(.text)
    CAN1_TX_IRQHandler                       0x0800029f   Thumb Code     0  startup_stm32f427xx.o(.text)
    CAN2_RX0_IRQHandler                      0x0800029f   Thumb Code     0  startup_stm32f427xx.o(.text)
    CAN2_RX1_IRQHandler                      0x0800029f   Thumb Code     0  startup_stm32f427xx.o(.text)
    CAN2_SCE_IRQHandler                      0x0800029f   Thumb Code     0  startup_stm32f427xx.o(.text)
    CAN2_TX_IRQHandler                       0x0800029f   Thumb Code     0  startup_stm32f427xx.o(.text)
    DCMI_IRQHandler                          0x0800029f   Thumb Code     0  startup_stm32f427xx.o(.text)
    DMA1_Stream0_IRQHandler                  0x0800029f   Thumb Code     0  startup_stm32f427xx.o(.text)
    DMA1_Stream1_IRQHandler                  0x0800029f   Thumb Code     0  startup_stm32f427xx.o(.text)
    DMA1_Stream2_IRQHandler                  0x0800029f   Thumb Code     0  startup_stm32f427xx.o(.text)
    DMA1_Stream3_IRQHandler                  0x0800029f   Thumb Code     0  startup_stm32f427xx.o(.text)
    DMA1_Stream4_IRQHandler                  0x0800029f   Thumb Code     0  startup_stm32f427xx.o(.text)
    DMA1_Stream5_IRQHandler                  0x0800029f   Thumb Code     0  startup_stm32f427xx.o(.text)
    DMA1_Stream6_IRQHandler                  0x0800029f   Thumb Code     0  startup_stm32f427xx.o(.text)
    DMA1_Stream7_IRQHandler                  0x0800029f   Thumb Code     0  startup_stm32f427xx.o(.text)
    DMA2D_IRQHandler                         0x0800029f   Thumb Code     0  startup_stm32f427xx.o(.text)
    DMA2_Stream0_IRQHandler                  0x0800029f   Thumb Code     0  startup_stm32f427xx.o(.text)
    DMA2_Stream1_IRQHandler                  0x0800029f   Thumb Code     0  startup_stm32f427xx.o(.text)
    DMA2_Stream3_IRQHandler                  0x0800029f   Thumb Code     0  startup_stm32f427xx.o(.text)
    DMA2_Stream4_IRQHandler                  0x0800029f   Thumb Code     0  startup_stm32f427xx.o(.text)
    DMA2_Stream5_IRQHandler                  0x0800029f   Thumb Code     0  startup_stm32f427xx.o(.text)
    DMA2_Stream6_IRQHandler                  0x0800029f   Thumb Code     0  startup_stm32f427xx.o(.text)
    DMA2_Stream7_IRQHandler                  0x0800029f   Thumb Code     0  startup_stm32f427xx.o(.text)
    ETH_IRQHandler                           0x0800029f   Thumb Code     0  startup_stm32f427xx.o(.text)
    ETH_WKUP_IRQHandler                      0x0800029f   Thumb Code     0  startup_stm32f427xx.o(.text)
    EXTI0_IRQHandler                         0x0800029f   Thumb Code     0  startup_stm32f427xx.o(.text)
    EXTI15_10_IRQHandler                     0x0800029f   Thumb Code     0  startup_stm32f427xx.o(.text)
    EXTI1_IRQHandler                         0x0800029f   Thumb Code     0  startup_stm32f427xx.o(.text)
    EXTI2_IRQHandler                         0x0800029f   Thumb Code     0  startup_stm32f427xx.o(.text)
    EXTI3_IRQHandler                         0x0800029f   Thumb Code     0  startup_stm32f427xx.o(.text)
    EXTI4_IRQHandler                         0x0800029f   Thumb Code     0  startup_stm32f427xx.o(.text)
    EXTI9_5_IRQHandler                       0x0800029f   Thumb Code     0  startup_stm32f427xx.o(.text)
    FLASH_IRQHandler                         0x0800029f   Thumb Code     0  startup_stm32f427xx.o(.text)
    FMC_IRQHandler                           0x0800029f   Thumb Code     0  startup_stm32f427xx.o(.text)
    FPU_IRQHandler                           0x0800029f   Thumb Code     0  startup_stm32f427xx.o(.text)
    HASH_RNG_IRQHandler                      0x0800029f   Thumb Code     0  startup_stm32f427xx.o(.text)
    I2C1_ER_IRQHandler                       0x0800029f   Thumb Code     0  startup_stm32f427xx.o(.text)
    I2C1_EV_IRQHandler                       0x0800029f   Thumb Code     0  startup_stm32f427xx.o(.text)
    I2C2_ER_IRQHandler                       0x0800029f   Thumb Code     0  startup_stm32f427xx.o(.text)
    I2C2_EV_IRQHandler                       0x0800029f   Thumb Code     0  startup_stm32f427xx.o(.text)
    I2C3_ER_IRQHandler                       0x0800029f   Thumb Code     0  startup_stm32f427xx.o(.text)
    I2C3_EV_IRQHandler                       0x0800029f   Thumb Code     0  startup_stm32f427xx.o(.text)
    OTG_FS_IRQHandler                        0x0800029f   Thumb Code     0  startup_stm32f427xx.o(.text)
    OTG_FS_WKUP_IRQHandler                   0x0800029f   Thumb Code     0  startup_stm32f427xx.o(.text)
    OTG_HS_EP1_IN_IRQHandler                 0x0800029f   Thumb Code     0  startup_stm32f427xx.o(.text)
    OTG_HS_EP1_OUT_IRQHandler                0x0800029f   Thumb Code     0  startup_stm32f427xx.o(.text)
    OTG_HS_IRQHandler                        0x0800029f   Thumb Code     0  startup_stm32f427xx.o(.text)
    OTG_HS_WKUP_IRQHandler                   0x0800029f   Thumb Code     0  startup_stm32f427xx.o(.text)
    PVD_IRQHandler                           0x0800029f   Thumb Code     0  startup_stm32f427xx.o(.text)
    RCC_IRQHandler                           0x0800029f   Thumb Code     0  startup_stm32f427xx.o(.text)
    RTC_Alarm_IRQHandler                     0x0800029f   Thumb Code     0  startup_stm32f427xx.o(.text)
    RTC_WKUP_IRQHandler                      0x0800029f   Thumb Code     0  startup_stm32f427xx.o(.text)
    SAI1_IRQHandler                          0x0800029f   Thumb Code     0  startup_stm32f427xx.o(.text)
    SDIO_IRQHandler                          0x0800029f   Thumb Code     0  startup_stm32f427xx.o(.text)
    SPI1_IRQHandler                          0x0800029f   Thumb Code     0  startup_stm32f427xx.o(.text)
    SPI2_IRQHandler                          0x0800029f   Thumb Code     0  startup_stm32f427xx.o(.text)
    SPI3_IRQHandler                          0x0800029f   Thumb Code     0  startup_stm32f427xx.o(.text)
    SPI4_IRQHandler                          0x0800029f   Thumb Code     0  startup_stm32f427xx.o(.text)
    SPI5_IRQHandler                          0x0800029f   Thumb Code     0  startup_stm32f427xx.o(.text)
    SPI6_IRQHandler                          0x0800029f   Thumb Code     0  startup_stm32f427xx.o(.text)
    TAMP_STAMP_IRQHandler                    0x0800029f   Thumb Code     0  startup_stm32f427xx.o(.text)
    TIM1_BRK_TIM9_IRQHandler                 0x0800029f   Thumb Code     0  startup_stm32f427xx.o(.text)
    TIM1_CC_IRQHandler                       0x0800029f   Thumb Code     0  startup_stm32f427xx.o(.text)
    TIM1_TRG_COM_TIM11_IRQHandler            0x0800029f   Thumb Code     0  startup_stm32f427xx.o(.text)
    TIM1_UP_TIM10_IRQHandler                 0x0800029f   Thumb Code     0  startup_stm32f427xx.o(.text)
    TIM2_IRQHandler                          0x0800029f   Thumb Code     0  startup_stm32f427xx.o(.text)
    TIM3_IRQHandler                          0x0800029f   Thumb Code     0  startup_stm32f427xx.o(.text)
    TIM4_IRQHandler                          0x0800029f   Thumb Code     0  startup_stm32f427xx.o(.text)
    TIM5_IRQHandler                          0x0800029f   Thumb Code     0  startup_stm32f427xx.o(.text)
    TIM6_DAC_IRQHandler                      0x0800029f   Thumb Code     0  startup_stm32f427xx.o(.text)
    TIM7_IRQHandler                          0x0800029f   Thumb Code     0  startup_stm32f427xx.o(.text)
    TIM8_BRK_TIM12_IRQHandler                0x0800029f   Thumb Code     0  startup_stm32f427xx.o(.text)
    TIM8_CC_IRQHandler                       0x0800029f   Thumb Code     0  startup_stm32f427xx.o(.text)
    TIM8_TRG_COM_TIM14_IRQHandler            0x0800029f   Thumb Code     0  startup_stm32f427xx.o(.text)
    TIM8_UP_TIM13_IRQHandler                 0x0800029f   Thumb Code     0  startup_stm32f427xx.o(.text)
    UART4_IRQHandler                         0x0800029f   Thumb Code     0  startup_stm32f427xx.o(.text)
    UART5_IRQHandler                         0x0800029f   Thumb Code     0  startup_stm32f427xx.o(.text)
    UART7_IRQHandler                         0x0800029f   Thumb Code     0  startup_stm32f427xx.o(.text)
    UART8_IRQHandler                         0x0800029f   Thumb Code     0  startup_stm32f427xx.o(.text)
    USART1_IRQHandler                        0x0800029f   Thumb Code     0  startup_stm32f427xx.o(.text)
    USART2_IRQHandler                        0x0800029f   Thumb Code     0  startup_stm32f427xx.o(.text)
    USART3_IRQHandler                        0x0800029f   Thumb Code     0  startup_stm32f427xx.o(.text)
    USART6_IRQHandler                        0x0800029f   Thumb Code     0  startup_stm32f427xx.o(.text)
    WWDG_IRQHandler                          0x0800029f   Thumb Code     0  startup_stm32f427xx.o(.text)
    __aeabi_uldivmod                         0x080002a9   Thumb Code    98  uldiv.o(.text)
    __aeabi_memcpy                           0x0800030b   Thumb Code    36  memcpya.o(.text)
    __aeabi_memcpy4                          0x0800030b   Thumb Code     0  memcpya.o(.text)
    __aeabi_memcpy8                          0x0800030b   Thumb Code     0  memcpya.o(.text)
    __aeabi_memset                           0x0800032f   Thumb Code    14  memseta.o(.text)
    __aeabi_memset4                          0x0800032f   Thumb Code     0  memseta.o(.text)
    __aeabi_memset8                          0x0800032f   Thumb Code     0  memseta.o(.text)
    __aeabi_memclr                           0x0800033d   Thumb Code     4  memseta.o(.text)
    __aeabi_memclr4                          0x0800033d   Thumb Code     0  memseta.o(.text)
    __aeabi_memclr8                          0x0800033d   Thumb Code     0  memseta.o(.text)
    memset                                   0x08000341   Thumb Code    18  memseta.o(.text)
    __aeabi_dadd                             0x08000353   Thumb Code   322  dadd.o(.text)
    __aeabi_dsub                             0x08000495   Thumb Code     6  dadd.o(.text)
    __aeabi_drsub                            0x0800049b   Thumb Code     6  dadd.o(.text)
    __aeabi_dmul                             0x080004a1   Thumb Code   228  dmul.o(.text)
    __aeabi_ddiv                             0x08000585   Thumb Code   222  ddiv.o(.text)
    __aeabi_i2d                              0x08000663   Thumb Code    34  dflti.o(.text)
    __aeabi_f2d                              0x08000685   Thumb Code    38  f2d.o(.text)
    __aeabi_d2f                              0x080006ab   Thumb Code    56  d2f.o(.text)
    __aeabi_llsl                             0x080006e3   Thumb Code    30  llshl.o(.text)
    _ll_shift_l                              0x080006e3   Thumb Code     0  llshl.o(.text)
    __aeabi_llsr                             0x08000701   Thumb Code    32  llushr.o(.text)
    _ll_ushift_r                             0x08000701   Thumb Code     0  llushr.o(.text)
    __aeabi_lasr                             0x08000721   Thumb Code    36  llsshr.o(.text)
    _ll_sshift_r                             0x08000721   Thumb Code     0  llsshr.o(.text)
    __I$use$fp                               0x08000745   Thumb Code     0  iusefp.o(.text)
    _float_round                             0x08000745   Thumb Code    18  fepilogue.o(.text)
    _float_epilogue                          0x08000757   Thumb Code    92  fepilogue.o(.text)
    _double_round                            0x080007b3   Thumb Code    30  depilogue.o(.text)
    _double_epilogue                         0x080007d1   Thumb Code   156  depilogue.o(.text)
    __scatterload                            0x0800086d   Thumb Code    28  init.o(.text)
    __scatterload_rt2                        0x0800086d   Thumb Code     0  init.o(.text)
    AdjustTask02                             0x08000891   Thumb Code   260  freertos.o(i.AdjustTask02)
    BusFault_Handler                         0x080009ad   Thumb Code     2  stm32f4xx_it.o(i.BusFault_Handler)
    CAN1_RX0_IRQHandler                      0x080009b1   Thumb Code     6  stm32f4xx_it.o(i.CAN1_RX0_IRQHandler)
    CANFilterInit                            0x080009bd   Thumb Code    78  wtr_can.o(i.CANFilterInit)
    CanDataDecode                            0x08000a0d   Thumb Code    12  wtr_can.o(i.CanDataDecode)
    CanTransmit_DJI_1234                     0x08000a1d   Thumb Code    96  dji.o(i.CanTransmit_DJI_1234)
    CanTransmit_DJI_5678                     0x08000a81   Thumb Code    98  dji.o(i.CanTransmit_DJI_5678)
    DJI_CanMsgDecode                         0x08000ae9   Thumb Code    52  dji.o(i.DJI_CanMsgDecode)
    DJI_Init                                 0x08000b21   Thumb Code   108  dji.o(i.DJI_Init)
    DJI_Update                               0x08000bad   Thumb Code   186  dji.o(i.DJI_Update)
    DMA2_Stream2_IRQHandler                  0x08000c75   Thumb Code     6  stm32f4xx_it.o(i.DMA2_Stream2_IRQHandler)
    DebugMon_Handler                         0x08000d25   Thumb Code     2  stm32f4xx_it.o(i.DebugMon_Handler)
    Error_Handler                            0x08000d27   Thumb Code     4  main.o(i.Error_Handler)
    FetchTask03                              0x08000d2d   Thumb Code   100  freertos.o(i.FetchTask03)
    HAL_CAN_ActivateNotification             0x08000da1   Thumb Code    36  stm32f4xx_hal_can.o(i.HAL_CAN_ActivateNotification)
    HAL_CAN_AddTxMessage                     0x08000dc5   Thumb Code   220  stm32f4xx_hal_can.o(i.HAL_CAN_AddTxMessage)
    HAL_CAN_ConfigFilter                     0x08000ea1   Thumb Code   262  stm32f4xx_hal_can.o(i.HAL_CAN_ConfigFilter)
    HAL_CAN_ErrorCallback                    0x08000fad   Thumb Code     2  stm32f4xx_hal_can.o(i.HAL_CAN_ErrorCallback)
    HAL_CAN_GetRxMessage                     0x08000faf   Thumb Code   232  stm32f4xx_hal_can.o(i.HAL_CAN_GetRxMessage)
    HAL_CAN_GetTxMailboxesFreeLevel          0x08001097   Thumb Code    44  stm32f4xx_hal_can.o(i.HAL_CAN_GetTxMailboxesFreeLevel)
    HAL_CAN_IRQHandler                       0x080010c3   Thumb Code   508  stm32f4xx_hal_can.o(i.HAL_CAN_IRQHandler)
    HAL_CAN_Init                             0x080012bf   Thumb Code   282  stm32f4xx_hal_can.o(i.HAL_CAN_Init)
    HAL_CAN_MspInit                          0x080013d9   Thumb Code   106  can.o(i.HAL_CAN_MspInit)
    HAL_CAN_RxFifo0FullCallback              0x08001451   Thumb Code     2  stm32f4xx_hal_can.o(i.HAL_CAN_RxFifo0FullCallback)
    HAL_CAN_RxFifo0MsgPendingCallback        0x08001455   Thumb Code    56  wtr_can.o(i.HAL_CAN_RxFifo0MsgPendingCallback)
    HAL_CAN_RxFifo1FullCallback              0x08001495   Thumb Code     2  stm32f4xx_hal_can.o(i.HAL_CAN_RxFifo1FullCallback)
    HAL_CAN_RxFifo1MsgPendingCallback        0x08001497   Thumb Code     2  stm32f4xx_hal_can.o(i.HAL_CAN_RxFifo1MsgPendingCallback)
    HAL_CAN_SleepCallback                    0x08001499   Thumb Code     2  stm32f4xx_hal_can.o(i.HAL_CAN_SleepCallback)
    HAL_CAN_Start                            0x0800149d   Thumb Code    88  stm32f4xx_hal_can.o(i.HAL_CAN_Start)
    HAL_CAN_TxMailbox0AbortCallback          0x080014f5   Thumb Code     2  stm32f4xx_hal_can.o(i.HAL_CAN_TxMailbox0AbortCallback)
    HAL_CAN_TxMailbox0CompleteCallback       0x080014f7   Thumb Code     2  stm32f4xx_hal_can.o(i.HAL_CAN_TxMailbox0CompleteCallback)
    HAL_CAN_TxMailbox1AbortCallback          0x080014f9   Thumb Code     2  stm32f4xx_hal_can.o(i.HAL_CAN_TxMailbox1AbortCallback)
    HAL_CAN_TxMailbox1CompleteCallback       0x080014fb   Thumb Code     2  stm32f4xx_hal_can.o(i.HAL_CAN_TxMailbox1CompleteCallback)
    HAL_CAN_TxMailbox2AbortCallback          0x080014fd   Thumb Code     2  stm32f4xx_hal_can.o(i.HAL_CAN_TxMailbox2AbortCallback)
    HAL_CAN_TxMailbox2CompleteCallback       0x080014ff   Thumb Code     2  stm32f4xx_hal_can.o(i.HAL_CAN_TxMailbox2CompleteCallback)
    HAL_CAN_WakeUpFromRxMsgCallback          0x08001501   Thumb Code     2  stm32f4xx_hal_can.o(i.HAL_CAN_WakeUpFromRxMsgCallback)
    HAL_DMA_IRQHandler                       0x08001505   Thumb Code   412  stm32f4xx_hal_dma.o(i.HAL_DMA_IRQHandler)
    HAL_DMA_Init                             0x080016a5   Thumb Code   206  stm32f4xx_hal_dma.o(i.HAL_DMA_Init)
    HAL_DMA_Start_IT                         0x08001779   Thumb Code   110  stm32f4xx_hal_dma.o(i.HAL_DMA_Start_IT)
    HAL_GPIO_Init                            0x080017e9   Thumb Code   414  stm32f4xx_hal_gpio.o(i.HAL_GPIO_Init)
    HAL_GPIO_WritePin                        0x080019bd   Thumb Code    10  stm32f4xx_hal_gpio.o(i.HAL_GPIO_WritePin)
    HAL_GetTick                              0x080019c9   Thumb Code     6  stm32f4xx_hal.o(i.HAL_GetTick)
    HAL_IncTick                              0x080019d5   Thumb Code    12  stm32f4xx_hal.o(i.HAL_IncTick)
    HAL_Init                                 0x080019e5   Thumb Code    48  stm32f4xx_hal.o(i.HAL_Init)
    HAL_InitTick                             0x08001a19   Thumb Code    54  stm32f4xx_hal.o(i.HAL_InitTick)
    HAL_MspInit                              0x08001a59   Thumb Code    52  stm32f4xx_hal_msp.o(i.HAL_MspInit)
    HAL_NVIC_EnableIRQ                       0x08001a91   Thumb Code    26  stm32f4xx_hal_cortex.o(i.HAL_NVIC_EnableIRQ)
    HAL_NVIC_SetPriority                     0x08001aad   Thumb Code    60  stm32f4xx_hal_cortex.o(i.HAL_NVIC_SetPriority)
    HAL_NVIC_SetPriorityGrouping             0x08001aed   Thumb Code    26  stm32f4xx_hal_cortex.o(i.HAL_NVIC_SetPriorityGrouping)
    HAL_PWREx_EnableOverDrive                0x08001b11   Thumb Code    98  stm32f4xx_hal_pwr_ex.o(i.HAL_PWREx_EnableOverDrive)
    HAL_RCC_ClockConfig                      0x08001b81   Thumb Code   288  stm32f4xx_hal_rcc.o(i.HAL_RCC_ClockConfig)
    HAL_RCC_GetPCLK1Freq                     0x08001cb5   Thumb Code    20  stm32f4xx_hal_rcc.o(i.HAL_RCC_GetPCLK1Freq)
    HAL_RCC_GetPCLK2Freq                     0x08001cd5   Thumb Code    20  stm32f4xx_hal_rcc.o(i.HAL_RCC_GetPCLK2Freq)
    HAL_RCC_GetSysClockFreq                  0x08001cf5   Thumb Code    88  stm32f4xx_hal_rcc.o(i.HAL_RCC_GetSysClockFreq)
    HAL_RCC_OscConfig                        0x08001d59   Thumb Code   840  stm32f4xx_hal_rcc.o(i.HAL_RCC_OscConfig)
    HAL_SYSTICK_Config                       0x080020b5   Thumb Code    40  stm32f4xx_hal_cortex.o(i.HAL_SYSTICK_Config)
    HAL_UART_ErrorCallback                   0x080020dd   Thumb Code     2  stm32f4xx_hal_uart.o(i.HAL_UART_ErrorCallback)
    HAL_UART_Init                            0x080020df   Thumb Code    98  stm32f4xx_hal_uart.o(i.HAL_UART_Init)
    HAL_UART_MspInit                         0x08002141   Thumb Code   140  usart.o(i.HAL_UART_MspInit)
    HAL_UART_Receive_DMA                     0x080021e1   Thumb Code   138  stm32f4xx_hal_uart.o(i.HAL_UART_Receive_DMA)
    HAL_UART_RxCpltCallback                  0x08002279   Thumb Code    16  wtr_uart.o(i.HAL_UART_RxCpltCallback)
    HAL_UART_RxHalfCpltCallback              0x0800228d   Thumb Code     2  stm32f4xx_hal_uart.o(i.HAL_UART_RxHalfCpltCallback)
    HardFault_Handler                        0x0800228f   Thumb Code     2  stm32f4xx_it.o(i.HardFault_Handler)
    MX_CAN1_Init                             0x08002291   Thumb Code    56  can.o(i.MX_CAN1_Init)
    MX_DMA_Init                              0x080022d1   Thumb Code    40  dma.o(i.MX_DMA_Init)
    MX_FREERTOS_Init                         0x080022fd   Thumb Code    74  freertos.o(i.MX_FREERTOS_Init)
    MX_GPIO_Init                             0x08002351   Thumb Code   116  gpio.o(i.MX_GPIO_Init)
    MX_USART1_UART_Init                      0x080023cd   Thumb Code    46  usart.o(i.MX_USART1_UART_Init)
    MemManage_Handler                        0x08002409   Thumb Code     2  stm32f4xx_it.o(i.MemManage_Handler)
    NMI_Handler                              0x0800240b   Thumb Code     2  stm32f4xx_it.o(i.NMI_Handler)
    PID_Calc                                 0x0800240d   Thumb Code   130  caculate.o(i.PID_Calc)
    StartDefaultTask                         0x08002491   Thumb Code   130  freertos.o(i.StartDefaultTask)
    SysTick_Handler                          0x0800251d   Thumb Code    24  stm32f4xx_it.o(i.SysTick_Handler)
    SystemClock_Config                       0x08002535   Thumb Code   150  main.o(i.SystemClock_Config)
    SystemInit                               0x080025d5   Thumb Code    22  system_stm32f4xx.o(i.SystemInit)
    UART1Decode                              0x080025f1   Thumb Code   174  wtr_uart.o(i.UART1Decode)
    UsageFault_Handler                       0x080028b1   Thumb Code     2  stm32f4xx_it.o(i.UsageFault_Handler)
    __scatterload_copy                       0x080028d3   Thumb Code    14  handlers.o(i.__scatterload_copy)
    __scatterload_null                       0x080028e1   Thumb Code     2  handlers.o(i.__scatterload_null)
    __scatterload_zeroinit                   0x080028e3   Thumb Code    14  handlers.o(i.__scatterload_zeroinit)
    get_dji_offset                           0x080028f1   Thumb Code    46  dji.o(i.get_dji_offset)
    main                                     0x08002925   Thumb Code    86  main.o(i.main)
    osDelay                                  0x08002999   Thumb Code    14  cmsis_os.o(i.osDelay)
    osKernelStart                            0x080029a7   Thumb Code    10  cmsis_os.o(i.osKernelStart)
    osThreadCreate                           0x080029b1   Thumb Code    84  cmsis_os.o(i.osThreadCreate)
    positionServo                            0x08002a05   Thumb Code    50  caculate.o(i.positionServo)
    pvPortMalloc                             0x08002d85   Thumb Code   210  heap_4.o(i.pvPortMalloc)
    pxPortInitialiseStack                    0x08002e5d   Thumb Code    40  port.o(i.pxPortInitialiseStack)
    speedServo                               0x08002e89   Thumb Code    18  caculate.o(i.speedServo)
    uxListRemove                             0x08002e9b   Thumb Code    38  list.o(i.uxListRemove)
    vApplicationGetIdleTaskMemory            0x08002ec1   Thumb Code    16  freertos.o(i.vApplicationGetIdleTaskMemory)
    vListInitialise                          0x08002ed5   Thumb Code    22  list.o(i.vListInitialise)
    vListInitialiseItem                      0x08002eeb   Thumb Code     6  list.o(i.vListInitialiseItem)
    vListInsert                              0x08002ef1   Thumb Code    48  list.o(i.vListInsert)
    vListInsertEnd                           0x08002f21   Thumb Code    24  list.o(i.vListInsertEnd)
    vPortEnterCritical                       0x08002f39   Thumb Code    54  port.o(i.vPortEnterCritical)
    vPortExitCritical                        0x08002f79   Thumb Code    34  port.o(i.vPortExitCritical)
    vPortFree                                0x08002fa1   Thumb Code    88  heap_4.o(i.vPortFree)
    vPortSetupTimerInterrupt                 0x08002ffd   Thumb Code    32  port.o(i.vPortSetupTimerInterrupt)
    vTaskDelay                               0x08003021   Thumb Code    66  tasks.o(i.vTaskDelay)
    vTaskStartScheduler                      0x0800306d   Thumb Code    90  tasks.o(i.vTaskStartScheduler)
    vTaskSuspendAll                          0x080030d9   Thumb Code    10  tasks.o(i.vTaskSuspendAll)
    vTaskSwitchContext                       0x080030e9   Thumb Code    82  tasks.o(i.vTaskSwitchContext)
    xPortStartScheduler                      0x08003145   Thumb Code   222  port.o(i.xPortStartScheduler)
    xPortSysTickHandler                      0x08003239   Thumb Code    38  port.o(i.xPortSysTickHandler)
    xTaskCreate                              0x08003265   Thumb Code    90  tasks.o(i.xTaskCreate)
    xTaskCreateStatic                        0x080032bf   Thumb Code    86  tasks.o(i.xTaskCreateStatic)
    xTaskGetSchedulerState                   0x08003315   Thumb Code    22  tasks.o(i.xTaskGetSchedulerState)
    xTaskIncrementTick                       0x08003331   Thumb Code   192  tasks.o(i.xTaskIncrementTick)
    xTaskResumeAll                           0x080033f9   Thumb Code   182  tasks.o(i.xTaskResumeAll)
    AHBPrescTable                            0x08003518   Data          16  system_stm32f4xx.o(.constdata)
    APBPrescTable                            0x08003528   Data           8  system_stm32f4xx.o(.constdata)
    Region$$Table$$Base                      0x08003554   Number         0  anon$$obj.o(Region$$Table)
    Region$$Table$$Limit                     0x08003574   Number         0  anon$$obj.o(Region$$Table)
    defaultTaskHandle                        0x20000000   Data           4  freertos.o(.data)
    myTask02Handle                           0x20000004   Data           4  freertos.o(.data)
    myTask03Handle                           0x20000008   Data           4  freertos.o(.data)
    uwTickFreq                               0x2000000c   Data           1  stm32f4xx_hal.o(.data)
    uwTickPrio                               0x20000010   Data           4  stm32f4xx_hal.o(.data)
    uwTick                                   0x20000014   Data           4  stm32f4xx_hal.o(.data)
    SystemCoreClock                          0x20000018   Data           4  system_stm32f4xx.o(.data)
    pxCurrentTCB                             0x2000001c   Data           4  tasks.o(.data)
    CanReceiveData                           0x20000080   Data           8  wtr_can.o(.data)
    angMax                                   0x20000088   Data           8  wtr_uart.o(.data)
    posRef                                   0x20000090   Data           8  wtr_uart.o(.data)
    hcan1                                    0x200002ec   Data          40  can.o(.bss)
    huart1                                   0x20000314   Data          64  usart.o(.bss)
    hdma_usart1_rx                           0x20000354   Data          96  usart.o(.bss)
    hDJI                                     0x200040a4   Data        1152  dji.o(.bss)
    Raw_Data                                 0x20004524   Data          12  wtr_uart.o(.bss)
    JoyStickReceiveData                      0x20004530   Data          18  wtr_uart.o(.bss)
    __initial_sp                             0x20004948   Data           0  startup_stm32f427xx.o(STACK)



==============================================================================

Memory Map of the image

  Image Entry point : 0x080001ad

  Load Region LR_IROM1 (Base: 0x08000000, Size: 0x0000360c, Max: 0x00200000, ABSOLUTE)

    Execution Region ER_IROM1 (Exec base: 0x08000000, Load base: 0x08000000, Size: 0x00003574, Max: 0x00200000, ABSOLUTE)

    Exec Addr    Load Addr    Size         Type   Attr      Idx    E Section Name        Object

    0x08000000   0x08000000   0x000001ac   Data   RO            3    RESET               startup_stm32f427xx.o
    0x080001ac   0x080001ac   0x00000000   Code   RO         3817  * .ARM.Collect$$$$00000000  mc_w.l(entry.o)
    0x080001ac   0x080001ac   0x00000004   Code   RO         3842    .ARM.Collect$$$$00000001  mc_w.l(entry2.o)
    0x080001b0   0x080001b0   0x00000004   Code   RO         3845    .ARM.Collect$$$$00000004  mc_w.l(entry5.o)
    0x080001b4   0x080001b4   0x00000000   Code   RO         3847    .ARM.Collect$$$$00000008  mc_w.l(entry7b.o)
    0x080001b4   0x080001b4   0x00000000   Code   RO         3849    .ARM.Collect$$$$0000000A  mc_w.l(entry8b.o)
    0x080001b4   0x080001b4   0x00000008   Code   RO         3850    .ARM.Collect$$$$0000000B  mc_w.l(entry9a.o)
    0x080001bc   0x080001bc   0x00000004   Code   RO         3857    .ARM.Collect$$$$0000000E  mc_w.l(entry12b.o)
    0x080001c0   0x080001c0   0x00000000   Code   RO         3852    .ARM.Collect$$$$0000000F  mc_w.l(entry10a.o)
    0x080001c0   0x080001c0   0x00000000   Code   RO         3854    .ARM.Collect$$$$00000011  mc_w.l(entry11a.o)
    0x080001c0   0x080001c0   0x00000004   Code   RO         3843    .ARM.Collect$$$$00002712  mc_w.l(entry2.o)
    0x080001c4   0x080001c4   0x000000be   Code   RO         3554    .emb_text           port.o
    0x08000282   0x08000282   0x00000002   PAD
    0x08000284   0x08000284   0x00000024   Code   RO            4    .text               startup_stm32f427xx.o
    0x080002a8   0x080002a8   0x00000062   Code   RO         3820    .text               mc_w.l(uldiv.o)
    0x0800030a   0x0800030a   0x00000024   Code   RO         3822    .text               mc_w.l(memcpya.o)
    0x0800032e   0x0800032e   0x00000024   Code   RO         3826    .text               mc_w.l(memseta.o)
    0x08000352   0x08000352   0x0000014e   Code   RO         3830    .text               mf_w.l(dadd.o)
    0x080004a0   0x080004a0   0x000000e4   Code   RO         3832    .text               mf_w.l(dmul.o)
    0x08000584   0x08000584   0x000000de   Code   RO         3834    .text               mf_w.l(ddiv.o)
    0x08000662   0x08000662   0x00000022   Code   RO         3836    .text               mf_w.l(dflti.o)
    0x08000684   0x08000684   0x00000026   Code   RO         3838    .text               mf_w.l(f2d.o)
    0x080006aa   0x080006aa   0x00000038   Code   RO         3840    .text               mf_w.l(d2f.o)
    0x080006e2   0x080006e2   0x0000001e   Code   RO         3858    .text               mc_w.l(llshl.o)
    0x08000700   0x08000700   0x00000020   Code   RO         3860    .text               mc_w.l(llushr.o)
    0x08000720   0x08000720   0x00000024   Code   RO         3862    .text               mc_w.l(llsshr.o)
    0x08000744   0x08000744   0x00000000   Code   RO         3864    .text               mc_w.l(iusefp.o)
    0x08000744   0x08000744   0x0000006e   Code   RO         3865    .text               mf_w.l(fepilogue.o)
    0x080007b2   0x080007b2   0x000000ba   Code   RO         3867    .text               mf_w.l(depilogue.o)
    0x0800086c   0x0800086c   0x00000024   Code   RO         3869    .text               mc_w.l(init.o)
    0x08000890   0x08000890   0x0000011c   Code   RO          237    i.AdjustTask02      freertos.o
    0x080009ac   0x080009ac   0x00000002   Code   RO          407    i.BusFault_Handler  stm32f4xx_it.o
    0x080009ae   0x080009ae   0x00000002   PAD
    0x080009b0   0x080009b0   0x0000000c   Code   RO          408    i.CAN1_RX0_IRQHandler  stm32f4xx_it.o
    0x080009bc   0x080009bc   0x0000004e   Code   RO         3741    i.CANFilterInit     wtr_can.o
    0x08000a0a   0x08000a0a   0x00000002   PAD
    0x08000a0c   0x08000a0c   0x00000010   Code   RO         3742    i.CanDataDecode     wtr_can.o
    0x08000a1c   0x08000a1c   0x00000064   Code   RO         3680    i.CanTransmit_DJI_1234  dji.o
    0x08000a80   0x08000a80   0x00000068   Code   RO         3681    i.CanTransmit_DJI_5678  dji.o
    0x08000ae8   0x08000ae8   0x00000038   Code   RO         3682    i.DJI_CanMsgDecode  dji.o
    0x08000b20   0x08000b20   0x0000008c   Code   RO         3683    i.DJI_Init          dji.o
    0x08000bac   0x08000bac   0x000000c8   Code   RO         3684    i.DJI_Update        dji.o
    0x08000c74   0x08000c74   0x0000000c   Code   RO          409    i.DMA2_Stream2_IRQHandler  stm32f4xx_it.o
    0x08000c80   0x08000c80   0x00000028   Code   RO         1252    i.DMA_CalcBaseAndBitshift  stm32f4xx_hal_dma.o
    0x08000ca8   0x08000ca8   0x00000054   Code   RO         1253    i.DMA_CheckFifoParam  stm32f4xx_hal_dma.o
    0x08000cfc   0x08000cfc   0x00000028   Code   RO         1254    i.DMA_SetConfig     stm32f4xx_hal_dma.o
    0x08000d24   0x08000d24   0x00000002   Code   RO          410    i.DebugMon_Handler  stm32f4xx_it.o
    0x08000d26   0x08000d26   0x00000004   Code   RO           13    i.Error_Handler     main.o
    0x08000d2a   0x08000d2a   0x00000002   PAD
    0x08000d2c   0x08000d2c   0x00000074   Code   RO          238    i.FetchTask03       freertos.o
    0x08000da0   0x08000da0   0x00000024   Code   RO          508    i.HAL_CAN_ActivateNotification  stm32f4xx_hal_can.o
    0x08000dc4   0x08000dc4   0x000000dc   Code   RO          509    i.HAL_CAN_AddTxMessage  stm32f4xx_hal_can.o
    0x08000ea0   0x08000ea0   0x0000010c   Code   RO          510    i.HAL_CAN_ConfigFilter  stm32f4xx_hal_can.o
    0x08000fac   0x08000fac   0x00000002   Code   RO          513    i.HAL_CAN_ErrorCallback  stm32f4xx_hal_can.o
    0x08000fae   0x08000fae   0x000000e8   Code   RO          516    i.HAL_CAN_GetRxMessage  stm32f4xx_hal_can.o
    0x08001096   0x08001096   0x0000002c   Code   RO          518    i.HAL_CAN_GetTxMailboxesFreeLevel  stm32f4xx_hal_can.o
    0x080010c2   0x080010c2   0x000001fc   Code   RO          520    i.HAL_CAN_IRQHandler  stm32f4xx_hal_can.o
    0x080012be   0x080012be   0x0000011a   Code   RO          521    i.HAL_CAN_Init      stm32f4xx_hal_can.o
    0x080013d8   0x080013d8   0x00000078   Code   RO          300    i.HAL_CAN_MspInit   can.o
    0x08001450   0x08001450   0x00000002   Code   RO          528    i.HAL_CAN_RxFifo0FullCallback  stm32f4xx_hal_can.o
    0x08001452   0x08001452   0x00000002   PAD
    0x08001454   0x08001454   0x00000040   Code   RO         3743    i.HAL_CAN_RxFifo0MsgPendingCallback  wtr_can.o
    0x08001494   0x08001494   0x00000002   Code   RO          530    i.HAL_CAN_RxFifo1FullCallback  stm32f4xx_hal_can.o
    0x08001496   0x08001496   0x00000002   Code   RO          531    i.HAL_CAN_RxFifo1MsgPendingCallback  stm32f4xx_hal_can.o
    0x08001498   0x08001498   0x00000002   Code   RO          532    i.HAL_CAN_SleepCallback  stm32f4xx_hal_can.o
    0x0800149a   0x0800149a   0x00000002   PAD
    0x0800149c   0x0800149c   0x00000058   Code   RO          533    i.HAL_CAN_Start     stm32f4xx_hal_can.o
    0x080014f4   0x080014f4   0x00000002   Code   RO          535    i.HAL_CAN_TxMailbox0AbortCallback  stm32f4xx_hal_can.o
    0x080014f6   0x080014f6   0x00000002   Code   RO          536    i.HAL_CAN_TxMailbox0CompleteCallback  stm32f4xx_hal_can.o
    0x080014f8   0x080014f8   0x00000002   Code   RO          537    i.HAL_CAN_TxMailbox1AbortCallback  stm32f4xx_hal_can.o
    0x080014fa   0x080014fa   0x00000002   Code   RO          538    i.HAL_CAN_TxMailbox1CompleteCallback  stm32f4xx_hal_can.o
    0x080014fc   0x080014fc   0x00000002   Code   RO          539    i.HAL_CAN_TxMailbox2AbortCallback  stm32f4xx_hal_can.o
    0x080014fe   0x080014fe   0x00000002   Code   RO          540    i.HAL_CAN_TxMailbox2CompleteCallback  stm32f4xx_hal_can.o
    0x08001500   0x08001500   0x00000002   Code   RO          542    i.HAL_CAN_WakeUpFromRxMsgCallback  stm32f4xx_hal_can.o
    0x08001502   0x08001502   0x00000002   PAD
    0x08001504   0x08001504   0x000001a0   Code   RO         1260    i.HAL_DMA_IRQHandler  stm32f4xx_hal_dma.o
    0x080016a4   0x080016a4   0x000000d4   Code   RO         1261    i.HAL_DMA_Init      stm32f4xx_hal_dma.o
    0x08001778   0x08001778   0x0000006e   Code   RO         1265    i.HAL_DMA_Start_IT  stm32f4xx_hal_dma.o
    0x080017e6   0x080017e6   0x00000002   PAD
    0x080017e8   0x080017e8   0x000001d4   Code   RO         1148    i.HAL_GPIO_Init     stm32f4xx_hal_gpio.o
    0x080019bc   0x080019bc   0x0000000a   Code   RO         1152    i.HAL_GPIO_WritePin  stm32f4xx_hal_gpio.o
    0x080019c6   0x080019c6   0x00000002   PAD
    0x080019c8   0x080019c8   0x0000000c   Code   RO         1700    i.HAL_GetTick       stm32f4xx_hal.o
    0x080019d4   0x080019d4   0x00000010   Code   RO         1706    i.HAL_IncTick       stm32f4xx_hal.o
    0x080019e4   0x080019e4   0x00000034   Code   RO         1707    i.HAL_Init          stm32f4xx_hal.o
    0x08001a18   0x08001a18   0x00000040   Code   RO         1708    i.HAL_InitTick      stm32f4xx_hal.o
    0x08001a58   0x08001a58   0x00000038   Code   RO          483    i.HAL_MspInit       stm32f4xx_hal_msp.o
    0x08001a90   0x08001a90   0x0000001a   Code   RO         1555    i.HAL_NVIC_EnableIRQ  stm32f4xx_hal_cortex.o
    0x08001aaa   0x08001aaa   0x00000002   PAD
    0x08001aac   0x08001aac   0x00000040   Code   RO         1561    i.HAL_NVIC_SetPriority  stm32f4xx_hal_cortex.o
    0x08001aec   0x08001aec   0x00000024   Code   RO         1562    i.HAL_NVIC_SetPriorityGrouping  stm32f4xx_hal_cortex.o
    0x08001b10   0x08001b10   0x00000070   Code   RO         1484    i.HAL_PWREx_EnableOverDrive  stm32f4xx_hal_pwr_ex.o
    0x08001b80   0x08001b80   0x00000134   Code   RO          742    i.HAL_RCC_ClockConfig  stm32f4xx_hal_rcc.o
    0x08001cb4   0x08001cb4   0x00000020   Code   RO          749    i.HAL_RCC_GetPCLK1Freq  stm32f4xx_hal_rcc.o
    0x08001cd4   0x08001cd4   0x00000020   Code   RO          750    i.HAL_RCC_GetPCLK2Freq  stm32f4xx_hal_rcc.o
    0x08001cf4   0x08001cf4   0x00000064   Code   RO          751    i.HAL_RCC_GetSysClockFreq  stm32f4xx_hal_rcc.o
    0x08001d58   0x08001d58   0x0000035c   Code   RO          754    i.HAL_RCC_OscConfig  stm32f4xx_hal_rcc.o
    0x080020b4   0x080020b4   0x00000028   Code   RO         1566    i.HAL_SYSTICK_Config  stm32f4xx_hal_cortex.o
    0x080020dc   0x080020dc   0x00000002   Code   RO         2012    i.HAL_UART_ErrorCallback  stm32f4xx_hal_uart.o
    0x080020de   0x080020de   0x00000062   Code   RO         2016    i.HAL_UART_Init     stm32f4xx_hal_uart.o
    0x08002140   0x08002140   0x000000a0   Code   RO          366    i.HAL_UART_MspInit  usart.o
    0x080021e0   0x080021e0   0x00000098   Code   RO         2020    i.HAL_UART_Receive_DMA  stm32f4xx_hal_uart.o
    0x08002278   0x08002278   0x00000014   Code   RO         3780    i.HAL_UART_RxCpltCallback  wtr_uart.o
    0x0800228c   0x0800228c   0x00000002   Code   RO         2023    i.HAL_UART_RxHalfCpltCallback  stm32f4xx_hal_uart.o
    0x0800228e   0x0800228e   0x00000002   Code   RO          411    i.HardFault_Handler  stm32f4xx_it.o
    0x08002290   0x08002290   0x00000040   Code   RO          301    i.MX_CAN1_Init      can.o
    0x080022d0   0x080022d0   0x0000002c   Code   RO          341    i.MX_DMA_Init       dma.o
    0x080022fc   0x080022fc   0x00000054   Code   RO          239    i.MX_FREERTOS_Init  freertos.o
    0x08002350   0x08002350   0x0000007c   Code   RO          213    i.MX_GPIO_Init      gpio.o
    0x080023cc   0x080023cc   0x0000003c   Code   RO          367    i.MX_USART1_UART_Init  usart.o
    0x08002408   0x08002408   0x00000002   Code   RO          412    i.MemManage_Handler  stm32f4xx_it.o
    0x0800240a   0x0800240a   0x00000002   Code   RO          413    i.NMI_Handler       stm32f4xx_it.o
    0x0800240c   0x0800240c   0x00000082   Code   RO         3634    i.PID_Calc          caculate.o
    0x0800248e   0x0800248e   0x00000002   PAD
    0x08002490   0x08002490   0x0000008c   Code   RO          240    i.StartDefaultTask  freertos.o
    0x0800251c   0x0800251c   0x00000018   Code   RO          414    i.SysTick_Handler   stm32f4xx_it.o
    0x08002534   0x08002534   0x000000a0   Code   RO           14    i.SystemClock_Config  main.o
    0x080025d4   0x080025d4   0x0000001c   Code   RO         2318    i.SystemInit        system_stm32f4xx.o
    0x080025f0   0x080025f0   0x000000d8   Code   RO         3781    i.UART1Decode       wtr_uart.o
    0x080026c8   0x080026c8   0x0000004a   Code   RO         2030    i.UART_DMAError     stm32f4xx_hal_uart.o
    0x08002712   0x08002712   0x0000003c   Code   RO         2031    i.UART_DMAReceiveCplt  stm32f4xx_hal_uart.o
    0x0800274e   0x0800274e   0x0000000a   Code   RO         2033    i.UART_DMARxHalfCplt  stm32f4xx_hal_uart.o
    0x08002758   0x08002758   0x0000001c   Code   RO         2039    i.UART_EndRxTransfer  stm32f4xx_hal_uart.o
    0x08002774   0x08002774   0x00000012   Code   RO         2040    i.UART_EndTxTransfer  stm32f4xx_hal_uart.o
    0x08002786   0x08002786   0x00000002   PAD
    0x08002788   0x08002788   0x00000128   Code   RO         2042    i.UART_SetConfig    stm32f4xx_hal_uart.o
    0x080028b0   0x080028b0   0x00000002   Code   RO          415    i.UsageFault_Handler  stm32f4xx_it.o
    0x080028b2   0x080028b2   0x00000020   Code   RO         1568    i.__NVIC_SetPriority  stm32f4xx_hal_cortex.o
    0x080028d2   0x080028d2   0x0000000e   Code   RO         3873    i.__scatterload_copy  mc_w.l(handlers.o)
    0x080028e0   0x080028e0   0x00000002   Code   RO         3874    i.__scatterload_null  mc_w.l(handlers.o)
    0x080028e2   0x080028e2   0x0000000e   Code   RO         3875    i.__scatterload_zeroinit  mc_w.l(handlers.o)
    0x080028f0   0x080028f0   0x00000034   Code   RO         3685    i.get_dji_offset    dji.o
    0x08002924   0x08002924   0x00000068   Code   RO           15    i.main              main.o
    0x0800298c   0x0800298c   0x0000000c   Code   RO         3126    i.makeFreeRtosPriority  cmsis_os.o
    0x08002998   0x08002998   0x0000000e   Code   RO         3128    i.osDelay           cmsis_os.o
    0x080029a6   0x080029a6   0x0000000a   Code   RO         3131    i.osKernelStart     cmsis_os.o
    0x080029b0   0x080029b0   0x00000054   Code   RO         3165    i.osThreadCreate    cmsis_os.o
    0x08002a04   0x08002a04   0x00000032   Code   RO         3636    i.positionServo     caculate.o
    0x08002a36   0x08002a36   0x00000002   PAD
    0x08002a38   0x08002a38   0x00000070   Code   RO         2820    i.prvAddCurrentTaskToDelayedList  tasks.o
    0x08002aa8   0x08002aa8   0x000000d0   Code   RO         2821    i.prvAddNewTaskToReadyList  tasks.o
    0x08002b78   0x08002b78   0x00000034   Code   RO         2822    i.prvDeleteTCB      tasks.o
    0x08002bac   0x08002bac   0x0000004c   Code   RO         3493    i.prvHeapInit       heap_4.o
    0x08002bf8   0x08002bf8   0x00000060   Code   RO         2823    i.prvIdleTask       tasks.o
    0x08002c58   0x08002c58   0x00000098   Code   RO         2824    i.prvInitialiseNewTask  tasks.o
    0x08002cf0   0x08002cf0   0x0000004c   Code   RO         3494    i.prvInsertBlockIntoFreeList  heap_4.o
    0x08002d3c   0x08002d3c   0x00000020   Code   RO         2825    i.prvResetNextTaskUnblockTime  tasks.o
    0x08002d5c   0x08002d5c   0x00000028   Code   RO         3555    i.prvTaskExitError  port.o
    0x08002d84   0x08002d84   0x000000d8   Code   RO         3495    i.pvPortMalloc      heap_4.o
    0x08002e5c   0x08002e5c   0x0000002c   Code   RO         3556    i.pxPortInitialiseStack  port.o
    0x08002e88   0x08002e88   0x00000012   Code   RO         3637    i.speedServo        caculate.o
    0x08002e9a   0x08002e9a   0x00000026   Code   RO         2456    i.uxListRemove      list.o
    0x08002ec0   0x08002ec0   0x00000014   Code   RO          241    i.vApplicationGetIdleTaskMemory  freertos.o
    0x08002ed4   0x08002ed4   0x00000016   Code   RO         2457    i.vListInitialise   list.o
    0x08002eea   0x08002eea   0x00000006   Code   RO         2458    i.vListInitialiseItem  list.o
    0x08002ef0   0x08002ef0   0x00000030   Code   RO         2459    i.vListInsert       list.o
    0x08002f20   0x08002f20   0x00000018   Code   RO         2460    i.vListInsertEnd    list.o
    0x08002f38   0x08002f38   0x00000040   Code   RO         3558    i.vPortEnterCritical  port.o
    0x08002f78   0x08002f78   0x00000028   Code   RO         3559    i.vPortExitCritical  port.o
    0x08002fa0   0x08002fa0   0x0000005c   Code   RO         3496    i.vPortFree         heap_4.o
    0x08002ffc   0x08002ffc   0x00000024   Code   RO         3560    i.vPortSetupTimerInterrupt  port.o
    0x08003020   0x08003020   0x0000004c   Code   RO         2833    i.vTaskDelay        tasks.o
    0x0800306c   0x0800306c   0x0000006c   Code   RO         2846    i.vTaskStartScheduler  tasks.o
    0x080030d8   0x080030d8   0x00000010   Code   RO         2848    i.vTaskSuspendAll   tasks.o
    0x080030e8   0x080030e8   0x0000005c   Code   RO         2849    i.vTaskSwitchContext  tasks.o
    0x08003144   0x08003144   0x000000f4   Code   RO         3562    i.xPortStartScheduler  port.o
    0x08003238   0x08003238   0x0000002c   Code   RO         3563    i.xPortSysTickHandler  port.o
    0x08003264   0x08003264   0x0000005a   Code   RO         2851    i.xTaskCreate       tasks.o
    0x080032be   0x080032be   0x00000056   Code   RO         2852    i.xTaskCreateStatic  tasks.o
    0x08003314   0x08003314   0x0000001c   Code   RO         2856    i.xTaskGetSchedulerState  tasks.o
    0x08003330   0x08003330   0x000000c8   Code   RO         2859    i.xTaskIncrementTick  tasks.o
    0x080033f8   0x080033f8   0x000000c4   Code   RO         2865    i.xTaskResumeAll    tasks.o
    0x080034bc   0x080034bc   0x00000054   Data   RO          243    .constdata          freertos.o
    0x08003510   0x08003510   0x00000008   Data   RO         1267    .constdata          stm32f4xx_hal_dma.o
    0x08003518   0x08003518   0x00000010   Data   RO         2319    .constdata          system_stm32f4xx.o
    0x08003528   0x08003528   0x00000008   Data   RO         2320    .constdata          system_stm32f4xx.o
    0x08003530   0x08003530   0x00000024   Data   RO          244    .conststring        freertos.o
    0x08003554   0x08003554   0x00000020   Data   RO         3871    Region$$Table       anon$$obj.o


    Execution Region RW_IRAM2 (Exec base: 0x10000000, Load base: 0x0800360c, Size: 0x00000000, Max: 0x00010000, ABSOLUTE)

    **** No section assigned to this execution region ****


    Execution Region RW_IRAM1 (Exec base: 0x20000000, Load base: 0x08003574, Size: 0x00004948, Max: 0x00030000, ABSOLUTE)

    Exec Addr    Load Addr    Size         Type   Attr      Idx    E Section Name        Object

    0x20000000   0x08003574   0x0000000c   Data   RW          245    .data               freertos.o
    0x2000000c   0x08003580   0x0000000c   Data   RW         1714    .data               stm32f4xx_hal.o
    0x20000018   0x0800358c   0x00000004   Data   RW         2321    .data               system_stm32f4xx.o
    0x2000001c   0x08003590   0x0000003c   Data   RW         2868    .data               tasks.o
    0x20000058   0x080035cc   0x00000018   Data   RW         3501    .data               heap_4.o
    0x20000070   0x080035e4   0x0000000c   Data   RW         3564    .data               port.o
    0x2000007c   0x080035f0   0x00000004   Data   RW         3687    .data               dji.o
    0x20000080   0x080035f4   0x00000008   Data   RW         3744    .data               wtr_can.o
    0x20000088   0x080035fc   0x00000010   Data   RW         3783    .data               wtr_uart.o
    0x20000098        -       0x00000254   Zero   RW          242    .bss                freertos.o
    0x200002ec        -       0x00000028   Zero   RW          302    .bss                can.o
    0x20000314        -       0x000000a0   Zero   RW          368    .bss                usart.o
    0x200003b4        -       0x000000f0   Zero   RW         2867    .bss                tasks.o
    0x200004a4        -       0x00003c00   Zero   RW         3500    .bss                heap_4.o
    0x200040a4        -       0x00000480   Zero   RW         3686    .bss                dji.o
    0x20004524        -       0x0000001e   Zero   RW         3782    .bss                wtr_uart.o
    0x20004542   0x0800360c   0x00000006   PAD
    0x20004548        -       0x00000400   Zero   RW            1    STACK               startup_stm32f427xx.o


==============================================================================

Image component sizes


      Code (inc. data)   RO Data    RW Data    ZI Data      Debug   Object Name

       198          0          0          0          0       1940   caculate.o
       184         22          0          0         40       1689   can.o
       120          0          0          0          0      23129   cmsis_os.o
       652         66          0          4       1152       5293   dji.o
        44          4          0          0          0        774   dma.o
         0          0          0          0          0      15744   event_groups.o
       644         64        120         12        596       4169   freertos.o
       124          8          0          0          0        955   gpio.o
       460         24          0         24      15360       7315   heap_4.o
       138          0          0          0          0       3542   list.o
       268         28          0          0          0     750627   main.o
       702         72          0         12          0      11088   port.o
        36          8        428          0       1024        836   startup_stm32f427xx.o
       144         24          0         12          0       8921   stm32f4xx_hal.o
      1702          6          0          0          0      15005   stm32f4xx_hal_can.o
       198         14          0          0          0      33943   stm32f4xx_hal_cortex.o
       902         16          8          0          0       5803   stm32f4xx_hal_dma.o
       478         54          0          0          0       2412   stm32f4xx_hal_gpio.o
        56          4          0          0          0        866   stm32f4xx_hal_msp.o
       112         14          0          0          0       1288   stm32f4xx_hal_pwr_ex.o
      1332         76          0          0          0       5228   stm32f4xx_hal_rcc.o
       740         24          0          0          0       6950   stm32f4xx_hal_uart.o
        60         12          0          0          0       4271   stm32f4xx_it.o
         0          0          0          0          0        384   stream_buffer.o
        28          6         24          4          0       1155   system_stm32f4xx.o
      1544        116          0         60        240      20131   tasks.o
       220         34          0          0        160       1789   usart.o
       158         12          0          8          0       2281   wtr_can.o
       236         46          0         16         30       2313   wtr_uart.o

    ----------------------------------------------------------------------
     11506        754        612        152      18608     939841   Object Totals
         0          0         32          0          0          0   (incl. Generated)
        26          0          0          0          6          0   (incl. Padding)

    ----------------------------------------------------------------------

      Code (inc. data)   RO Data    RW Data    ZI Data      Debug   Library Member Name

         0          0          0          0          0          0   entry.o
         0          0          0          0          0          0   entry10a.o
         0          0          0          0          0          0   entry11a.o
         4          0          0          0          0          0   entry12b.o
         8          4          0          0          0          0   entry2.o
         4          0          0          0          0          0   entry5.o
         0          0          0          0          0          0   entry7b.o
         0          0          0          0          0          0   entry8b.o
         8          4          0          0          0          0   entry9a.o
        30          0          0          0          0          0   handlers.o
        36          8          0          0          0         68   init.o
         0          0          0          0          0          0   iusefp.o
        30          0          0          0          0         68   llshl.o
        36          0          0          0          0         68   llsshr.o
        32          0          0          0          0         68   llushr.o
        36          0          0          0          0         68   memcpya.o
        36          0          0          0          0        108   memseta.o
        98          0          0          0          0         92   uldiv.o
        56          0          0          0          0         88   d2f.o
       334          0          0          0          0        148   dadd.o
       222          0          0          0          0        100   ddiv.o
       186          0          0          0          0        176   depilogue.o
        34          0          0          0          0         76   dflti.o
       228          0          0          0          0         96   dmul.o
        38          0          0          0          0         68   f2d.o
       110          0          0          0          0        168   fepilogue.o

    ----------------------------------------------------------------------
      1566         16          0          0          0       1460   Library Totals
         0          0          0          0          0          0   (incl. Padding)

    ----------------------------------------------------------------------

      Code (inc. data)   RO Data    RW Data    ZI Data      Debug   Library Name

       358         16          0          0          0        540   mc_w.l
      1208          0          0          0          0        920   mf_w.l

    ----------------------------------------------------------------------
      1566         16          0          0          0       1460   Library Totals

    ----------------------------------------------------------------------

==============================================================================


      Code (inc. data)   RO Data    RW Data    ZI Data      Debug   

     13072        770        612        152      18608     929381   Grand Totals
     13072        770        612        152      18608     929381   ELF Image Totals
     13072        770        612        152          0          0   ROM Totals

==============================================================================

    Total RO  Size (Code + RO Data)                13684 (  13.36kB)
    Total RW  Size (RW Data + ZI Data)             18760 (  18.32kB)
    Total ROM Size (Code + RO Data + RW Data)      13836 (  13.51kB)

==============================================================================

