<html>
<body>
<pre>
<h1>µVision Build Log</h1>
<h2>Tool Versions:</h2>
IDE-Version: ¦ÌVision V5.34.0.0
Copyright (C) 2021 ARM Ltd and ARM Germany GmbH. All rights reserved.
License Information: GuangYu lenovo, Pu, LIC=P6F8T-RWBA8-06AQU-SD68E-U6XJE-MWQHF
 
Tool Versions:
Toolchain:       MDK-ARM Professional  Version: 5.34.0.0
Toolchain Path:  D:\MDK\ARM\ARMCC\Bin
C Compiler:      Armcc.exe V5.06 update 7 (build 960)
Assembler:       Armasm.exe V5.06 update 7 (build 960)
Linker/Locator:  ArmLink.exe V5.06 update 7 (build 960)
Library Manager: ArmAr.exe V5.06 update 7 (build 960)
Hex Converter:   FromElf.exe V5.06 update 7 (build 960)
CPU DLL:         SARMCM3.DLL V5.34.0.0
Dialog DLL:      DCM.DLL V1.17.3.0
Target DLL:      CMSIS_AGDI.dll V1.32.13.0
Dialog DLL:      TCM.DLL V1.48.0.0
 
<h2>Project:</h2>
C:\Users\lenovo\Desktop\2022RC\R1_DJI_FREERTOS\MDK-ARM\R1_DJI_FREERTOS.uvprojx
Project File Date:  07/15/2022

<h2>Output:</h2>
  
Warning: *** SUPPORT EXPIRED, NEW PRODUCT SERIAL NUMBER REQUIRED ***
         *** Running with Code Size Limit: 32K                   ***
*** Using Compiler 'V5.06 update 7 (build 960)', folder: 'D:\MDK\ARM\ARMCC\Bin'
Build target 'R1_DJI_FREERTOS'
compiling main.c...
../UC/DJI.h(64): warning:  #1295-D: Deprecated declaration DJI_Init - give arg types
  void DJI_Init();
../UC/DJI.h(68): warning:  #1-D: last line of file ends without a newline
  #endif
../UC/Caculate.h(10): warning:  #1-D: last line of file ends without a newline
  #endif
../UC/wtr_uart.h(28): warning:  #1295-D: Deprecated declaration UART1Decode - give arg types
  void UART1Decode();
../UART_COM/nrf_com.h(50): warning:  #1295-D: Deprecated declaration nrf_Transmit_init - give arg types
  void nrf_Transmit_init();
../UART_COM/nrf_com.h(51): warning:  #1295-D: Deprecated declaration send - give arg types
  void send();
../UART_COM/nrf_com.h(52): warning:  #1295-D: Deprecated declaration nrf_receive_init - give arg types
  void nrf_receive_init();
../UART_COM/nrf_com.h(53): warning:  #1295-D: Deprecated declaration nrf_decode - give arg types
  void nrf_decode();
../UART_COM/nrf_com.h(55): warning:  #1-D: last line of file ends without a newline
  #endif
../RS485/RS485.h(6): warning:  #1295-D: Deprecated declaration RS485_init - give arg types
  void RS485_init();
../RS485/RS485.h(7): warning:  #1295-D: Deprecated declaration RS485_decode - give arg types
  void RS485_decode();
../RS485/RS485.h(14): warning:  #1-D: last line of file ends without a newline
  #endif
../Core/Src/main.c: 12 warnings, 0 errors
linking...
Program Size: Code=19632 RO-data=492 RW-data=616 ZI-data=3160  
FromELF: creating hex file...
"R1_DJI_FREERTOS\R1_DJI_FREERTOS.axf" - 0 Error(s), 13 Warning(s).

<h2>Software Packages used:</h2>

Package Vendor: ARM
                http://www.keil.com/pack/ARM.CMSIS.5.7.0.pack
                ARM.CMSIS.5.7.0
                CMSIS (Cortex Microcontroller Software Interface Standard)
   * Component: CORE Version: 5.4.0

Package Vendor: Keil
                http://www.keil.com/pack/Keil.STM32F4xx_DFP.2.13.0.pack
                Keil.STM32F4xx_DFP.2.13.0
                STMicroelectronics STM32F4 Series Device Support, Drivers and Examples

<h2>Collection of Component include folders:</h2>
  .\RTE\_R1_DJI_FREERTOS
  D:\MDK\ARM\PACK\ARM\CMSIS\5.7.0\CMSIS\Core\Include
  D:\MDK\ARM\PACK\Keil\STM32F4xx_DFP\2.13.0\Drivers\CMSIS\Device\ST\STM32F4xx\Include

<h2>Collection of Component Files used:</h2>

   * Component: ARM::CMSIS:CORE:5.4.0
      Include file:  CMSIS\Core\Include\tz_context.h
Build Time Elapsed:  00:00:04
</pre>
</body>
</html>
